==== task1 ====
3000, 42
1000, 13
2000, 22
1000, 42
2000, 16
1000, 42
3000, 29
1000, 36
1000, 35
2000, 30
3000, 29
3000, 13
3000, 43
1000, 22
2000, 37
1000, 14
1000, 28
3000, 18
2000, 29
2000, 46
1000, 39
2000, 29
1000, 13
2000, 24
3000, 23
3000, 31
3000, 46
1000, 30
2000, 26
2000, 33
1000, 24
3000, 47
1000, 31
2000, 30
3000, 11
3000, 15
1000, 40
1000, 23
1000, 25
2000, 14
3000, 37
3000, 36
2000, 31
1000, 23
3000, 38
2000, 35
3000, 34
1000, 46
3000, 18
1000, 33
3000, 14
1000, 28
3000, 30
1000, 25
2000, 27
2000, 38
1000, 11
3000, 33
3000, 49
2000, 45
2000, 48
3000, 32
3000, 40
1000, 22
2000, 35
1000, 45
3000, 27
2000, 13
1000, 41
3000, 20
1000, 48
3000, 10
1000, 14
1000, 22
3000, 36
2000, 26
2000, 42
1000, 18
3000, 36
1000, 20
2000, 25
1000, 37
3000, 23
1000, 35
1000, 22
3000, 19
2000, 19
2000, 22
3000, 45
1000, 15
1000, 43
1000, 38
2000, 46
2000, 48
1000, 17
1000, 40
2000, 38
1000, 34
1000, 35
3000, 23
3000, 47
2000, 43
2000, 44
1000, 28
2000, 34
task1 takes 27256931 nano-seconds
==== task2 ====
1000, 11
1000, 13
1000, 13
1000, 14
1000, 14
1000, 15
1000, 17
1000, 18
1000, 20
1000, 22
1000, 22
1000, 22
1000, 22
1000, 23
1000, 23
1000, 24
1000, 25
1000, 25
1000, 28
1000, 28
1000, 28
1000, 30
1000, 31
1000, 33
1000, 34
1000, 35
1000, 35
1000, 35
1000, 36
1000, 37
1000, 38
1000, 39
1000, 40
1000, 40
1000, 41
1000, 42
1000, 42
1000, 43
1000, 45
1000, 46
1000, 48
2000, 13
2000, 14
2000, 16
2000, 19
2000, 22
2000, 22
2000, 24
2000, 25
2000, 26
2000, 26
2000, 27
2000, 29
2000, 29
2000, 30
2000, 30
2000, 31
2000, 33
2000, 34
2000, 35
2000, 35
2000, 37
2000, 38
2000, 38
2000, 42
2000, 43
2000, 44
2000, 45
2000, 46
2000, 46
2000, 48
2000, 48
3000, 10
3000, 11
3000, 13
3000, 14
3000, 15
3000, 18
3000, 18
3000, 19
3000, 20
3000, 23
3000, 23
3000, 23
3000, 27
3000, 29
3000, 29
3000, 30
3000, 31
3000, 32
3000, 33
3000, 34
3000, 36
3000, 36
3000, 36
3000, 37
3000, 38
3000, 40
3000, 42
3000, 43
3000, 45
3000, 46
3000, 47
3000, 47
3000, 49
task2 takes 163552 nano-seconds
==== task3 ====
1000, 10
1000, 10
1000, 13
1000, 14
1000, 14
1000, 15
1000, 19
1000, 22
1000, 22
1000, 23
1000, 23
1000, 24
1000, 25
1000, 26
1000, 27
1000, 27
1000, 28
1000, 29
1000, 29
1000, 30
1000, 31
1000, 33
1000, 33
1000, 33
1000, 33
1000, 36
1000, 36
1000, 38
1000, 38
1000, 39
1000, 39
1000, 40
1000, 42
1000, 42
1000, 42
1000, 44
1000, 44
1000, 44
1000, 45
1000, 45
1000, 48
1000, 49
2000, 10
2000, 11
2000, 13
2000, 14
2000, 15
2000, 16
2000, 17
2000, 18
2000, 18
2000, 20
2000, 22
2000, 23
2000, 23
2000, 25
2000, 25
2000, 27
2000, 27
2000, 30
2000, 30
2000, 32
2000, 33
2000, 33
2000, 33
2000, 34
2000, 36
2000, 39
2000, 40
2000, 40
2000, 40
2000, 41
2000, 41
2000, 44
2000, 45
2000, 45
2000, 46
2000, 46
2000, 47
2000, 48
2000, 49
2000, 49
3000, 10
3000, 11
3000, 12
3000, 12
3000, 13
3000, 14
3000, 14
3000, 15
3000, 16
3000, 16
3000, 17
3000, 17
3000, 17
3000, 17
3000, 17
3000, 18
3000, 18
3000, 20
3000, 20
3000, 21
3000, 22
3000, 22
3000, 24
3000, 25
3000, 25
3000, 27
3000, 27
3000, 27
3000, 28
3000, 29
3000, 29
3000, 30
3000, 30
3000, 30
3000, 31
3000, 32
3000, 33
3000, 34
3000, 34
3000, 35
3000, 37
3000, 39
3000, 39
3000, 40
3000, 40
3000, 41
3000, 42
3000, 43
3000, 43
3000, 45
3000, 45
3000, 48
3000, 48
3000, 49
3000, 49
3000, 49
4000, 10
4000, 11
4000, 12
4000, 13
4000, 16
4000, 17
4000, 18
4000, 20
4000, 20
4000, 20
4000, 20
4000, 23
4000, 24
4000, 26
4000, 27
4000, 27
4000, 29
4000, 29
4000, 30
4000, 35
4000, 37
4000, 38
4000, 38
4000, 40
4000, 41
4000, 41
4000, 49
5000, 10
5000, 10
5000, 11
5000, 13
5000, 14
5000, 14
5000, 15
5000, 15
5000, 16
5000, 18
5000, 19
5000, 21
5000, 21
5000, 25
5000, 26
5000, 28
5000, 29
5000, 29
5000, 32
5000, 32
5000, 32
5000, 33
5000, 34
5000, 34
5000, 36
5000, 36
5000, 38
5000, 39
5000, 39
5000, 40
5000, 40
5000, 41
5000, 45
5000, 45
5000, 46
5000, 47
5000, 47
5000, 48
6000, 10
6000, 11
6000, 11
6000, 12
6000, 13
6000, 14
6000, 14
6000, 15
6000, 15
6000, 15
6000, 16
6000, 16
6000, 17
6000, 17
6000, 19
6000, 21
6000, 23
6000, 24
6000, 24
6000, 25
6000, 25
6000, 26
6000, 26
6000, 26
6000, 27
6000, 28
6000, 29
6000, 29
6000, 30
6000, 31
6000, 32
6000, 32
6000, 32
6000, 33
6000, 35
6000, 36
6000, 37
6000, 38
6000, 41
6000, 43
6000, 45
6000, 45
6000, 46
6000, 47
6000, 47
6000, 49
7000, 11
7000, 11
7000, 12
7000, 12
7000, 12
7000, 13
7000, 13
7000, 15
7000, 16
7000, 19
7000, 21
7000, 22
7000, 22
7000, 22
7000, 23
7000, 24
7000, 27
7000, 28
7000, 29
7000, 29
7000, 29
7000, 30
7000, 31
7000, 33
7000, 33
7000, 33
7000, 36
7000, 37
7000, 41
7000, 42
7000, 43
7000, 43
7000, 44
8000, 10
8000, 11
8000, 12
8000, 12
8000, 13
8000, 13
8000, 14
8000, 15
8000, 15
8000, 16
8000, 17
8000, 17
8000, 18
8000, 19
8000, 20
8000, 23
8000, 23
8000, 23
8000, 25
8000, 27
8000, 28
8000, 29
8000, 31
8000, 31
8000, 33
8000, 37
8000, 37
8000, 37
8000, 38
8000, 39
8000, 40
8000, 41
8000, 42
8000, 43
8000, 44
8000, 44
8000, 45
8000, 46
8000, 46
8000, 47
8000, 47
8000, 48
8000, 49
9000, 10
9000, 10
9000, 11
9000, 11
9000, 14
9000, 14
9000, 15
9000, 16
9000, 16
9000, 18
9000, 18
9000, 21
9000, 22
9000, 23
9000, 23
9000, 23
9000, 24
9000, 25
9000, 26
9000, 28
9000, 31
9000, 32
9000, 32
9000, 33
9000, 33
9000, 35
9000, 36
9000, 39
9000, 41
9000, 41
9000, 42
9000, 42
9000, 42
9000, 46
9000, 47
9000, 48
9000, 49
10000, 10
10000, 10
10000, 11
10000, 12
10000, 14
10000, 14
10000, 14
10000, 16
10000, 17
10000, 17
10000, 18
10000, 18
10000, 20
10000, 22
10000, 25
10000, 27
10000, 28
10000, 28
10000, 30
10000, 30
10000, 31
10000, 32
10000, 33
10000, 35
10000, 35
10000, 36
10000, 39
10000, 41
10000, 43
10000, 43
10000, 43
10000, 44
10000, 44
10000, 45
10000, 45
10000, 46
10000, 48
11000, 10
11000, 11
11000, 11
11000, 15
11000, 17
11000, 19
11000, 19
11000, 20
11000, 20
11000, 21
11000, 22
11000, 24
11000, 25
11000, 26
11000, 28
11000, 30
11000, 31
11000, 31
11000, 31
11000, 32
11000, 33
11000, 34
11000, 34
11000, 34
11000, 35
11000, 36
11000, 36
11000, 36
11000, 37
11000, 38
11000, 40
11000, 41
11000, 42
11000, 43
11000, 43
11000, 43
11000, 43
11000, 45
11000, 46
11000, 46
11000, 47
11000, 48
11000, 49
12000, 10
12000, 14
12000, 15
12000, 17
12000, 17
12000, 18
12000, 22
12000, 22
12000, 22
12000, 23
12000, 24
12000, 27
12000, 30
12000, 31
12000, 32
12000, 32
12000, 32
12000, 33
12000, 33
12000, 34
12000, 35
12000, 36
12000, 36
12000, 36
12000, 37
12000, 37
12000, 37
12000, 39
12000, 39
12000, 39
12000, 40
12000, 40
12000, 42
12000, 43
12000, 44
12000, 45
13000, 10
13000, 13
13000, 15
13000, 16
13000, 18
13000, 21
13000, 24
13000, 26
13000, 27
13000, 29
13000, 29
13000, 30
13000, 31
13000, 31
13000, 31
13000, 33
13000, 34
13000, 36
13000, 38
13000, 38
13000, 41
13000, 42
13000, 44
13000, 44
13000, 49
14000, 13
14000, 14
14000, 14
14000, 14
14000, 15
14000, 17
14000, 17
14000, 18
14000, 20
14000, 21
14000, 21
14000, 22
14000, 23
14000, 24
14000, 25
14000, 25
14000, 25
14000, 27
14000, 28
14000, 29
14000, 31
14000, 32
14000, 34
14000, 36
14000, 36
14000, 39
14000, 42
14000, 42
14000, 42
14000, 43
14000, 43
14000, 43
14000, 46
14000, 47
14000, 47
14000, 49
14000, 49
15000, 11
15000, 13
15000, 14
15000, 14
15000, 16
15000, 16
15000, 16
15000, 16
15000, 17
15000, 18
15000, 18
15000, 19
15000, 21
15000, 21
15000, 23
15000, 23
15000, 24
15000, 24
15000, 25
15000, 25
15000, 27
15000, 28
15000, 29
15000, 29
15000, 30
15000, 30
15000, 32
15000, 33
15000, 35
15000, 37
15000, 37
15000, 38
15000, 38
15000, 39
15000, 39
15000, 39
15000, 41
15000, 41
15000, 41
15000, 42
15000, 45
15000, 46
15000, 48
15000, 49
16000, 10
16000, 11
16000, 14
16000, 14
16000, 15
16000, 16
16000, 17
16000, 17
16000, 19
16000, 20
16000, 20
16000, 22
16000, 23
16000, 24
16000, 27
16000, 28
16000, 37
16000, 38
16000, 38
16000, 38
16000, 39
16000, 40
16000, 41
16000, 42
16000, 43
16000, 44
16000, 44
16000, 44
16000, 44
16000, 44
16000, 45
16000, 45
16000, 46
16000, 46
16000, 47
16000, 48
16000, 48
16000, 48
16000, 48
17000, 10
17000, 11
17000, 11
17000, 13
17000, 13
17000, 14
17000, 15
17000, 16
17000, 18
17000, 19
17000, 20
17000, 22
17000, 23
17000, 23
17000, 23
17000, 24
17000, 24
17000, 25
17000, 25
17000, 25
17000, 26
17000, 27
17000, 28
17000, 28
17000, 33
17000, 34
17000, 34
17000, 35
17000, 35
17000, 36
17000, 36
17000, 36
17000, 36
17000, 36
17000, 36
17000, 37
17000, 37
17000, 40
17000, 40
17000, 43
17000, 43
17000, 47
17000, 47
17000, 49
17000, 49
18000, 10
18000, 10
18000, 11
18000, 11
18000, 12
18000, 12
18000, 16
18000, 17
18000, 19
18000, 21
18000, 23
18000, 23
18000, 25
18000, 25
18000, 30
18000, 34
18000, 35
18000, 37
18000, 37
18000, 40
18000, 40
18000, 40
18000, 40
18000, 41
18000, 42
18000, 44
18000, 46
18000, 47
18000, 48
18000, 49
19000, 10
19000, 11
19000, 13
19000, 13
19000, 13
19000, 14
19000, 20
19000, 22
19000, 22
19000, 22
19000, 22
19000, 26
19000, 27
19000, 27
19000, 28
19000, 30
19000, 32
19000, 33
19000, 34
19000, 34
19000, 34
19000, 35
19000, 35
19000, 35
19000, 36
19000, 36
19000, 37
19000, 37
19000, 39
19000, 39
19000, 40
19000, 40
19000, 43
19000, 44
19000, 47
19000, 48
20000, 10
20000, 10
20000, 11
20000, 11
20000, 13
20000, 14
20000, 14
20000, 14
20000, 15
20000, 15
20000, 16
20000, 16
20000, 17
20000, 17
20000, 18
20000, 19
20000, 21
20000, 23
20000, 24
20000, 25
20000, 25
20000, 27
20000, 28
20000, 30
20000, 30
20000, 34
20000, 35
20000, 38
20000, 40
20000, 41
20000, 41
20000, 42
20000, 42
20000, 44
20000, 45
20000, 45
20000, 45
20000, 46
20000, 46
20000, 47
20000, 47
20000, 48
20000, 48
20000, 49
21000, 10
21000, 13
21000, 14
21000, 14
21000, 15
21000, 16
21000, 17
21000, 19
21000, 20
21000, 20
21000, 20
21000, 22
21000, 23
21000, 24
21000, 24
21000, 26
21000, 27
21000, 27
21000, 28
21000, 29
21000, 31
21000, 31
21000, 32
21000, 32
21000, 34
21000, 34
21000, 34
21000, 34
21000, 36
21000, 36
21000, 36
21000, 37
21000, 38
21000, 38
21000, 40
21000, 40
21000, 42
21000, 42
21000, 43
21000, 44
21000, 44
21000, 46
21000, 47
21000, 49
21000, 49
22000, 14
22000, 14
22000, 14
22000, 14
22000, 15
22000, 18
22000, 18
22000, 20
22000, 20
22000, 20
22000, 22
22000, 23
22000, 23
22000, 26
22000, 28
22000, 28
22000, 29
22000, 30
22000, 31
22000, 31
22000, 33
22000, 34
22000, 35
22000, 36
22000, 36
22000, 37
22000, 37
22000, 38
22000, 38
22000, 38
22000, 39
22000, 39
22000, 40
22000, 42
22000, 49
23000, 10
23000, 11
23000, 12
23000, 12
23000, 12
23000, 14
23000, 17
23000, 17
23000, 18
23000, 18
23000, 18
23000, 18
23000, 19
23000, 20
23000, 20
23000, 21
23000, 22
23000, 22
23000, 23
23000, 25
23000, 28
23000, 28
23000, 29
23000, 29
23000, 29
23000, 29
23000, 30
23000, 32
23000, 32
23000, 35
23000, 35
23000, 36
23000, 36
23000, 37
23000, 38
23000, 39
23000, 45
23000, 46
23000, 46
23000, 46
23000, 47
23000, 47
23000, 47
23000, 48
23000, 49
24000, 10
24000, 11
24000, 11
24000, 14
24000, 14
24000, 16
24000, 16
24000, 17
24000, 17
24000, 17
24000, 18
24000, 18
24000, 19
24000, 19
24000, 19
24000, 19
24000, 19
24000, 22
24000, 25
24000, 25
24000, 26
24000, 27
24000, 27
24000, 29
24000, 30
24000, 30
24000, 31
24000, 32
24000, 32
24000, 32
24000, 34
24000, 34
24000, 35
24000, 35
24000, 35
24000, 36
24000, 37
24000, 37
24000, 37
24000, 38
24000, 39
24000, 40
24000, 40
24000, 41
24000, 42
24000, 42
24000, 43
24000, 44
24000, 45
24000, 45
24000, 46
24000, 46
24000, 47
25000, 10
25000, 11
25000, 11
25000, 12
25000, 12
25000, 13
25000, 14
25000, 15
25000, 16
25000, 16
25000, 19
25000, 22
25000, 22
25000, 23
25000, 25
25000, 27
25000, 27
25000, 28
25000, 30
25000, 31
25000, 33
25000, 34
25000, 34
25000, 35
25000, 36
25000, 37
25000, 39
25000, 39
25000, 39
25000, 40
25000, 40
25000, 42
25000, 43
25000, 43
25000, 44
25000, 46
25000, 46
25000, 46
25000, 48
25000, 48
25000, 49
25000, 49
26000, 11
26000, 11
26000, 14
26000, 14
26000, 16
26000, 17
26000, 18
26000, 18
26000, 19
26000, 20
26000, 20
26000, 20
26000, 20
26000, 22
26000, 22
26000, 23
26000, 23
26000, 23
26000, 23
26000, 23
26000, 24
26000, 24
26000, 25
26000, 25
26000, 25
26000, 26
26000, 27
26000, 27
26000, 28
26000, 31
26000, 32
26000, 32
26000, 34
26000, 35
26000, 37
26000, 38
26000, 39
26000, 41
26000, 42
26000, 43
26000, 44
26000, 45
26000, 47
26000, 47
26000, 47
26000, 48
26000, 48
27000, 11
27000, 11
27000, 14
27000, 16
27000, 17
27000, 17
27000, 17
27000, 18
27000, 19
27000, 19
27000, 20
27000, 20
27000, 22
27000, 26
27000, 29
27000, 30
27000, 31
27000, 31
27000, 32
27000, 32
27000, 34
27000, 34
27000, 34
27000, 34
27000, 37
27000, 37
27000, 37
27000, 38
27000, 39
27000, 39
27000, 39
27000, 40
27000, 41
27000, 42
27000, 42
27000, 43
27000, 44
27000, 47
27000, 47
27000, 48
27000, 48
27000, 49
27000, 49
28000, 12
28000, 13
28000, 14
28000, 14
28000, 18
28000, 20
28000, 21
28000, 21
28000, 22
28000, 22
28000, 23
28000, 27
28000, 28
28000, 29
28000, 29
28000, 29
28000, 30
28000, 30
28000, 31
28000, 31
28000, 33
28000, 35
28000, 35
28000, 36
28000, 37
28000, 37
28000, 37
28000, 41
28000, 42
28000, 42
28000, 44
28000, 44
28000, 44
28000, 47
28000, 47
29000, 10
29000, 12
29000, 14
29000, 15
29000, 17
29000, 21
29000, 22
29000, 22
29000, 25
29000, 26
29000, 27
29000, 31
29000, 31
29000, 32
29000, 32
29000, 35
29000, 36
29000, 36
29000, 36
29000, 37
29000, 38
29000, 39
29000, 40
29000, 40
29000, 40
29000, 42
29000, 42
29000, 43
29000, 43
29000, 44
29000, 45
29000, 47
29000, 47
29000, 47
29000, 48
29000, 49
29000, 49
30000, 12
30000, 13
30000, 14
30000, 17
30000, 17
30000, 21
30000, 22
30000, 25
30000, 26
30000, 33
30000, 34
30000, 34
30000, 35
30000, 36
30000, 37
30000, 38
30000, 38
30000, 39
30000, 39
30000, 39
30000, 41
30000, 43
30000, 44
30000, 45
30000, 46
30000, 46
30000, 47
30000, 48
30000, 48
31000, 11
31000, 12
31000, 14
31000, 16
31000, 16
31000, 17
31000, 22
31000, 23
31000, 23
31000, 25
31000, 26
31000, 27
31000, 28
31000, 30
31000, 30
31000, 30
31000, 32
31000, 33
31000, 33
31000, 33
31000, 34
31000, 36
31000, 36
31000, 37
31000, 38
31000, 39
31000, 39
31000, 40
31000, 43
31000, 44
31000, 44
31000, 45
31000, 45
31000, 47
31000, 47
31000, 48
31000, 49
32000, 10
32000, 10
32000, 10
32000, 12
32000, 14
32000, 14
32000, 16
32000, 16
32000, 16
32000, 16
32000, 16
32000, 18
32000, 18
32000, 18
32000, 21
32000, 22
32000, 23
32000, 24
32000, 25
32000, 25
32000, 26
32000, 27
32000, 34
32000, 34
32000, 35
32000, 37
32000, 39
32000, 40
32000, 41
32000, 43
32000, 44
32000, 45
32000, 45
32000, 47
32000, 48
32000, 49
32000, 49
33000, 11
33000, 11
33000, 11
33000, 11
33000, 11
33000, 12
33000, 16
33000, 16
33000, 17
33000, 20
33000, 22
33000, 24
33000, 24
33000, 24
33000, 24
33000, 25
33000, 26
33000, 27
33000, 28
33000, 30
33000, 31
33000, 33
33000, 35
33000, 37
33000, 37
33000, 39
33000, 41
33000, 41
33000, 42
33000, 42
33000, 42
33000, 44
33000, 45
33000, 47
33000, 48
33000, 48
33000, 49
34000, 11
34000, 12
34000, 14
34000, 14
34000, 15
34000, 16
34000, 18
34000, 22
34000, 22
34000, 22
34000, 22
34000, 24
34000, 25
34000, 25
34000, 26
34000, 26
34000, 27
34000, 28
34000, 29
34000, 31
34000, 33
34000, 34
34000, 35
34000, 35
34000, 38
34000, 38
34000, 38
34000, 39
34000, 41
34000, 43
34000, 45
34000, 45
34000, 46
34000, 46
34000, 47
34000, 47
34000, 49
35000, 10
35000, 10
35000, 10
35000, 11
35000, 11
35000, 12
35000, 12
35000, 13
35000, 14
35000, 14
35000, 16
35000, 18
35000, 18
35000, 18
35000, 19
35000, 21
35000, 23
35000, 28
35000, 29
35000, 30
35000, 31
35000, 32
35000, 34
35000, 36
35000, 37
35000, 38
35000, 40
35000, 41
35000, 42
35000, 43
35000, 44
35000, 46
35000, 47
35000, 47
35000, 48
35000, 48
35000, 49
35000, 49
35000, 49
36000, 10
36000, 10
36000, 11
36000, 11
36000, 12
36000, 16
36000, 16
36000, 19
36000, 19
36000, 19
36000, 19
36000, 20
36000, 20
36000, 20
36000, 21
36000, 21
36000, 21
36000, 21
36000, 22
36000, 23
36000, 23
36000, 24
36000, 26
36000, 30
36000, 30
36000, 33
36000, 33
36000, 34
36000, 36
36000, 36
36000, 37
36000, 38
36000, 38
36000, 39
36000, 39
36000, 42
36000, 43
36000, 44
36000, 44
36000, 44
36000, 44
36000, 45
36000, 46
36000, 46
36000, 46
36000, 47
36000, 47
36000, 48
36000, 48
37000, 10
37000, 11
37000, 13
37000, 17
37000, 17
37000, 18
37000, 18
37000, 18
37000, 20
37000, 21
37000, 22
37000, 23
37000, 28
37000, 29
37000, 30
37000, 32
37000, 32
37000, 33
37000, 35
37000, 37
37000, 37
37000, 38
37000, 39
37000, 40
37000, 40
37000, 41
37000, 42
37000, 42
37000, 42
37000, 42
37000, 46
37000, 46
37000, 46
37000, 46
37000, 47
37000, 47
38000, 10
38000, 11
38000, 12
38000, 14
38000, 14
38000, 15
38000, 15
38000, 15
38000, 16
38000, 17
38000, 17
38000, 18
38000, 19
38000, 19
38000, 20
38000, 21
38000, 21
38000, 22
38000, 24
38000, 24
38000, 24
38000, 24
38000, 25
38000, 26
38000, 27
38000, 28
38000, 29
38000, 30
38000, 30
38000, 31
38000, 32
38000, 35
38000, 35
38000, 39
38000, 40
38000, 41
38000, 43
38000, 44
38000, 45
38000, 46
38000, 47
39000, 10
39000, 10
39000, 11
39000, 11
39000, 12
39000, 12
39000, 13
39000, 13
39000, 15
39000, 16
39000, 17
39000, 18
39000, 20
39000, 21
39000, 21
39000, 22
39000, 23
39000, 24
39000, 24
39000, 25
39000, 26
39000, 28
39000, 29
39000, 31
39000, 32
39000, 32
39000, 33
39000, 35
39000, 35
39000, 35
39000, 36
39000, 37
39000, 37
39000, 38
39000, 38
39000, 40
39000, 41
39000, 41
39000, 41
39000, 45
39000, 46
39000, 48
39000, 49
39000, 49
39000, 49
40000, 10
40000, 10
40000, 11
40000, 12
40000, 13
40000, 15
40000, 16
40000, 17
40000, 18
40000, 19
40000, 19
40000, 19
40000, 20
40000, 21
40000, 21
40000, 22
40000, 22
40000, 23
40000, 24
40000, 25
40000, 25
40000, 27
40000, 27
40000, 28
40000, 30
40000, 31
40000, 32
40000, 32
40000, 33
40000, 33
40000, 35
40000, 36
40000, 37
40000, 39
40000, 41
40000, 42
40000, 43
40000, 44
40000, 45
40000, 48
41000, 10
41000, 11
41000, 11
41000, 12
41000, 14
41000, 14
41000, 16
41000, 17
41000, 17
41000, 21
41000, 22
41000, 24
41000, 25
41000, 27
41000, 28
41000, 28
41000, 30
41000, 31
41000, 32
41000, 32
41000, 33
41000, 34
41000, 34
41000, 35
41000, 37
41000, 39
41000, 40
41000, 41
41000, 44
41000, 45
41000, 46
41000, 47
41000, 47
41000, 47
41000, 47
41000, 49
42000, 10
42000, 10
42000, 10
42000, 12
42000, 12
42000, 12
42000, 15
42000, 15
42000, 16
42000, 16
42000, 18
42000, 19
42000, 21
42000, 21
42000, 21
42000, 22
42000, 22
42000, 23
42000, 24
42000, 25
42000, 26
42000, 27
42000, 27
42000, 27
42000, 27
42000, 27
42000, 28
42000, 30
42000, 30
42000, 31
42000, 32
42000, 32
42000, 33
42000, 35
42000, 35
42000, 35
42000, 39
42000, 40
42000, 41
42000, 41
42000, 41
42000, 45
42000, 45
42000, 46
42000, 46
42000, 47
42000, 48
42000, 49
43000, 10
43000, 11
43000, 13
43000, 13
43000, 13
43000, 14
43000, 15
43000, 16
43000, 16
43000, 16
43000, 18
43000, 19
43000, 19
43000, 21
43000, 22
43000, 23
43000, 23
43000, 24
43000, 24
43000, 26
43000, 27
43000, 27
43000, 27
43000, 28
43000, 29
43000, 31
43000, 31
43000, 31
43000, 32
43000, 33
43000, 35
43000, 35
43000, 37
43000, 38
43000, 39
43000, 39
43000, 41
43000, 41
43000, 45
43000, 45
43000, 48
43000, 48
43000, 48
43000, 48
44000, 13
44000, 14
44000, 15
44000, 15
44000, 15
44000, 16
44000, 22
44000, 22
44000, 23
44000, 24
44000, 25
44000, 25
44000, 26
44000, 26
44000, 27
44000, 27
44000, 28
44000, 30
44000, 31
44000, 33
44000, 36
44000, 36
44000, 36
44000, 36
44000, 37
44000, 37
44000, 38
44000, 39
44000, 39
44000, 40
44000, 40
44000, 41
44000, 42
44000, 43
44000, 44
44000, 45
44000, 46
44000, 47
44000, 48
45000, 11
45000, 11
45000, 14
45000, 14
45000, 15
45000, 16
45000, 16
45000, 16
45000, 17
45000, 17
45000, 17
45000, 18
45000, 18
45000, 19
45000, 19
45000, 21
45000, 21
45000, 22
45000, 22
45000, 22
45000, 23
45000, 23
45000, 24
45000, 26
45000, 27
45000, 27
45000, 27
45000, 27
45000, 29
45000, 29
45000, 31
45000, 34
45000, 34
45000, 34
45000, 35
45000, 35
45000, 36
45000, 37
45000, 37
45000, 37
45000, 38
45000, 38
45000, 39
45000, 40
45000, 42
45000, 43
45000, 43
45000, 44
45000, 45
45000, 45
45000, 47
45000, 47
45000, 48
45000, 49
45000, 49
46000, 11
46000, 11
46000, 11
46000, 12
46000, 13
46000, 15
46000, 16
46000, 17
46000, 18
46000, 18
46000, 20
46000, 21
46000, 21
46000, 22
46000, 23
46000, 23
46000, 24
46000, 25
46000, 31
46000, 31
46000, 33
46000, 34
46000, 35
46000, 36
46000, 37
46000, 38
46000, 38
46000, 39
46000, 39
46000, 42
46000, 43
46000, 46
46000, 47
46000, 47
47000, 10
47000, 10
47000, 11
47000, 13
47000, 14
47000, 15
47000, 16
47000, 16
47000, 16
47000, 17
47000, 20
47000, 20
47000, 20
47000, 21
47000, 22
47000, 23
47000, 25
47000, 26
47000, 27
47000, 28
47000, 28
47000, 29
47000, 29
47000, 30
47000, 32
47000, 35
47000, 35
47000, 35
47000, 37
47000, 37
47000, 38
47000, 39
47000, 39
47000, 40
47000, 41
47000, 41
47000, 41
47000, 44
47000, 44
47000, 46
47000, 46
47000, 47
47000, 49
47000, 49
48000, 10
48000, 11
48000, 13
48000, 14
48000, 16
48000, 17
48000, 17
48000, 20
48000, 20
48000, 20
48000, 21
48000, 22
48000, 23
48000, 26
48000, 28
48000, 32
48000, 32
48000, 32
48000, 38
48000, 39
48000, 40
48000, 42
48000, 43
48000, 43
48000, 44
48000, 45
48000, 47
48000, 48
48000, 49
48000, 49
49000, 11
49000, 11
49000, 12
49000, 13
49000, 13
49000, 14
49000, 15
49000, 16
49000, 16
49000, 16
49000, 16
49000, 18
49000, 18
49000, 19
49000, 20
49000, 21
49000, 23
49000, 24
49000, 24
49000, 27
49000, 30
49000, 30
49000, 31
49000, 31
49000, 33
49000, 33
49000, 35
49000, 35
49000, 36
49000, 37
49000, 39
49000, 39
49000, 40
49000, 41
49000, 44
49000, 44
49000, 45
49000, 46
49000, 47
49000, 48
49000, 49
50000, 11
50000, 11
50000, 13
50000, 15
50000, 16
50000, 16
50000, 16
50000, 18
50000, 18
50000, 20
50000, 21
50000, 21
50000, 21
50000, 22
50000, 22
50000, 23
50000, 24
50000, 24
50000, 25
50000, 26
50000, 26
50000, 28
50000, 30
50000, 31
50000, 31
50000, 33
50000, 37
50000, 37
50000, 38
50000, 39
50000, 39
50000, 40
50000, 41
50000, 41
50000, 42
50000, 44
50000, 45
50000, 46
50000, 47
50000, 48
50000, 48
51000, 10
51000, 15
51000, 17
51000, 21
51000, 21
51000, 23
51000, 24
51000, 24
51000, 25
51000, 29
51000, 29
51000, 32
51000, 32
51000, 33
51000, 33
51000, 34
51000, 36
51000, 36
51000, 37
51000, 37
51000, 38
51000, 38
51000, 39
51000, 41
51000, 42
51000, 43
51000, 43
51000, 43
51000, 45
51000, 45
51000, 47
51000, 47
51000, 48
52000, 11
52000, 12
52000, 13
52000, 15
52000, 16
52000, 16
52000, 16
52000, 16
52000, 18
52000, 19
52000, 19
52000, 19
52000, 20
52000, 20
52000, 21
52000, 22
52000, 23
52000, 25
52000, 26
52000, 27
52000, 27
52000, 28
52000, 31
52000, 33
52000, 34
52000, 35
52000, 36
52000, 37
52000, 38
52000, 39
52000, 40
52000, 41
52000, 42
52000, 42
52000, 43
52000, 44
52000, 45
52000, 45
52000, 46
52000, 46
52000, 46
52000, 46
53000, 10
53000, 11
53000, 11
53000, 15
53000, 16
53000, 16
53000, 19
53000, 19
53000, 20
53000, 20
53000, 20
53000, 21
53000, 22
53000, 23
53000, 23
53000, 26
53000, 26
53000, 27
53000, 28
53000, 29
53000, 29
53000, 31
53000, 32
53000, 32
53000, 34
53000, 34
53000, 35
53000, 35
53000, 36
53000, 38
53000, 38
53000, 40
53000, 42
53000, 44
53000, 44
53000, 45
53000, 48
54000, 10
54000, 11
54000, 11
54000, 13
54000, 14
54000, 14
54000, 14
54000, 15
54000, 16
54000, 17
54000, 19
54000, 19
54000, 21
54000, 21
54000, 23
54000, 24
54000, 24
54000, 25
54000, 27
54000, 29
54000, 31
54000, 31
54000, 32
54000, 35
54000, 36
54000, 39
54000, 41
54000, 43
54000, 43
54000, 45
54000, 46
54000, 46
54000, 46
54000, 46
54000, 46
54000, 48
54000, 49
55000, 10
55000, 11
55000, 11
55000, 12
55000, 13
55000, 13
55000, 14
55000, 15
55000, 17
55000, 17
55000, 17
55000, 18
55000, 19
55000, 22
55000, 24
55000, 25
55000, 26
55000, 26
55000, 26
55000, 28
55000, 32
55000, 32
55000, 32
55000, 33
55000, 34
55000, 36
55000, 38
55000, 40
55000, 42
55000, 42
55000, 43
55000, 43
55000, 43
55000, 44
55000, 45
55000, 48
55000, 49
55000, 49
56000, 10
56000, 11
56000, 12
56000, 12
56000, 13
56000, 14
56000, 14
56000, 18
56000, 18
56000, 19
56000, 19
56000, 20
56000, 21
56000, 21
56000, 24
56000, 25
56000, 26
56000, 27
56000, 27
56000, 27
56000, 27
56000, 28
56000, 29
56000, 30
56000, 31
56000, 31
56000, 32
56000, 33
56000, 35
56000, 38
56000, 38
56000, 40
56000, 44
56000, 48
56000, 49
56000, 49
57000, 10
57000, 11
57000, 13
57000, 14
57000, 15
57000, 16
57000, 17
57000, 18
57000, 18
57000, 19
57000, 21
57000, 21
57000, 21
57000, 22
57000, 22
57000, 22
57000, 23
57000, 24
57000, 26
57000, 26
57000, 26
57000, 26
57000, 27
57000, 29
57000, 30
57000, 31
57000, 31
57000, 32
57000, 33
57000, 33
57000, 34
57000, 36
57000, 37
57000, 37
57000, 38
57000, 38
57000, 39
57000, 41
57000, 42
57000, 43
57000, 43
57000, 44
57000, 44
57000, 44
57000, 47
57000, 48
57000, 49
58000, 11
58000, 11
58000, 12
58000, 13
58000, 14
58000, 14
58000, 15
58000, 16
58000, 16
58000, 17
58000, 19
58000, 19
58000, 19
58000, 21
58000, 22
58000, 25
58000, 25
58000, 26
58000, 27
58000, 28
58000, 28
58000, 29
58000, 30
58000, 32
58000, 35
58000, 36
58000, 36
58000, 37
58000, 38
58000, 39
58000, 41
58000, 41
58000, 46
58000, 46
58000, 49
59000, 12
59000, 12
59000, 14
59000, 16
59000, 16
59000, 17
59000, 17
59000, 19
59000, 20
59000, 21
59000, 21
59000, 23
59000, 23
59000, 24
59000, 24
59000, 24
59000, 24
59000, 28
59000, 29
59000, 30
59000, 31
59000, 32
59000, 36
59000, 37
59000, 37
59000, 37
59000, 41
59000, 42
59000, 43
59000, 43
59000, 44
59000, 44
59000, 44
59000, 48
59000, 48
59000, 49
60000, 10
60000, 10
60000, 11
60000, 15
60000, 15
60000, 16
60000, 16
60000, 16
60000, 17
60000, 18
60000, 19
60000, 20
60000, 23
60000, 24
60000, 24
60000, 25
60000, 25
60000, 26
60000, 28
60000, 28
60000, 28
60000, 30
60000, 30
60000, 32
60000, 33
60000, 34
60000, 36
60000, 37
60000, 37
60000, 38
60000, 38
60000, 39
60000, 41
60000, 42
60000, 44
60000, 44
60000, 45
60000, 45
60000, 45
60000, 47
60000, 49
60000, 49
60000, 49
61000, 12
61000, 12
61000, 14
61000, 15
61000, 15
61000, 15
61000, 16
61000, 17
61000, 17
61000, 18
61000, 18
61000, 19
61000, 19
61000, 19
61000, 19
61000, 20
61000, 20
61000, 20
61000, 20
61000, 21
61000, 21
61000, 24
61000, 25
61000, 25
61000, 29
61000, 32
61000, 32
61000, 34
61000, 36
61000, 37
61000, 37
61000, 38
61000, 39
61000, 41
61000, 41
61000, 41
61000, 42
61000, 43
61000, 44
61000, 46
61000, 47
61000, 48
61000, 49
62000, 10
62000, 10
62000, 11
62000, 19
62000, 19
62000, 19
62000, 22
62000, 23
62000, 23
62000, 23
62000, 24
62000, 24
62000, 24
62000, 24
62000, 24
62000, 25
62000, 27
62000, 29
62000, 30
62000, 31
62000, 31
62000, 32
62000, 34
62000, 38
62000, 39
62000, 40
62000, 45
62000, 46
62000, 46
62000, 46
62000, 47
62000, 48
62000, 49
62000, 49
63000, 11
63000, 12
63000, 13
63000, 15
63000, 15
63000, 19
63000, 20
63000, 20
63000, 21
63000, 22
63000, 22
63000, 23
63000, 24
63000, 26
63000, 26
63000, 28
63000, 28
63000, 28
63000, 30
63000, 32
63000, 32
63000, 32
63000, 34
63000, 34
63000, 34
63000, 35
63000, 36
63000, 36
63000, 36
63000, 36
63000, 37
63000, 37
63000, 39
63000, 42
63000, 42
63000, 43
63000, 43
63000, 43
63000, 44
63000, 46
63000, 47
63000, 47
63000, 48
63000, 48
63000, 48
64000, 10
64000, 10
64000, 12
64000, 12
64000, 14
64000, 15
64000, 16
64000, 16
64000, 18
64000, 19
64000, 19
64000, 21
64000, 23
64000, 24
64000, 26
64000, 26
64000, 31
64000, 32
64000, 33
64000, 34
64000, 34
64000, 35
64000, 36
64000, 36
64000, 36
64000, 37
64000, 38
64000, 39
64000, 41
64000, 41
64000, 41
64000, 44
64000, 45
64000, 45
64000, 47
64000, 49
64000, 49
65000, 12
65000, 12
65000, 12
65000, 13
65000, 13
65000, 15
65000, 18
65000, 19
65000, 21
65000, 28
65000, 30
65000, 30
65000, 31
65000, 33
65000, 33
65000, 34
65000, 34
65000, 35
65000, 35
65000, 35
65000, 36
65000, 37
65000, 40
65000, 40
65000, 41
65000, 41
65000, 41
65000, 44
65000, 45
65000, 45
65000, 46
65000, 47
65000, 47
65000, 47
65000, 47
65000, 49
66000, 11
66000, 13
66000, 15
66000, 15
66000, 16
66000, 17
66000, 21
66000, 21
66000, 22
66000, 22
66000, 23
66000, 23
66000, 26
66000, 26
66000, 27
66000, 30
66000, 31
66000, 33
66000, 34
66000, 35
66000, 37
66000, 38
66000, 38
66000, 40
66000, 40
66000, 40
66000, 41
66000, 43
66000, 44
66000, 44
66000, 45
66000, 45
66000, 46
66000, 46
66000, 47
67000, 11
67000, 11
67000, 11
67000, 13
67000, 17
67000, 17
67000, 18
67000, 20
67000, 21
67000, 22
67000, 22
67000, 22
67000, 23
67000, 23
67000, 23
67000, 29
67000, 29
67000, 30
67000, 30
67000, 32
67000, 33
67000, 33
67000, 34
67000, 34
67000, 34
67000, 35
67000, 36
67000, 37
67000, 37
67000, 38
67000, 38
67000, 40
67000, 42
67000, 45
67000, 46
67000, 47
68000, 11
68000, 12
68000, 14
68000, 14
68000, 15
68000, 15
68000, 16
68000, 17
68000, 17
68000, 18
68000, 18
68000, 19
68000, 21
68000, 22
68000, 23
68000, 25
68000, 25
68000, 25
68000, 26
68000, 26
68000, 26
68000, 27
68000, 27
68000, 28
68000, 31
68000, 32
68000, 32
68000, 34
68000, 36
68000, 37
68000, 37
68000, 39
68000, 40
68000, 41
68000, 41
68000, 43
68000, 43
68000, 44
68000, 44
68000, 44
68000, 45
68000, 45
68000, 46
68000, 47
68000, 48
68000, 49
68000, 49
69000, 13
69000, 14
69000, 15
69000, 18
69000, 21
69000, 21
69000, 23
69000, 23
69000, 24
69000, 25
69000, 26
69000, 26
69000, 29
69000, 30
69000, 31
69000, 32
69000, 33
69000, 37
69000, 39
69000, 40
69000, 40
69000, 40
69000, 43
69000, 43
69000, 43
69000, 43
69000, 43
69000, 46
69000, 47
69000, 47
69000, 49
69000, 49
69000, 49
70000, 10
70000, 11
70000, 14
70000, 15
70000, 15
70000, 16
70000, 17
70000, 18
70000, 19
70000, 21
70000, 24
70000, 26
70000, 26
70000, 26
70000, 27
70000, 28
70000, 28
70000, 29
70000, 30
70000, 32
70000, 32
70000, 33
70000, 34
70000, 36
70000, 40
70000, 40
70000, 41
70000, 42
70000, 43
70000, 48
70000, 48
70000, 49
70000, 49
71000, 12
71000, 12
71000, 14
71000, 15
71000, 16
71000, 16
71000, 17
71000, 19
71000, 21
71000, 21
71000, 21
71000, 22
71000, 23
71000, 23
71000, 23
71000, 24
71000, 24
71000, 26
71000, 27
71000, 27
71000, 29
71000, 31
71000, 31
71000, 32
71000, 33
71000, 35
71000, 35
71000, 35
71000, 36
71000, 36
71000, 37
71000, 37
71000, 37
71000, 38
71000, 38
71000, 38
71000, 40
71000, 44
71000, 44
71000, 45
71000, 45
71000, 45
71000, 45
71000, 46
71000, 46
71000, 47
71000, 48
71000, 48
71000, 49
71000, 49
72000, 10
72000, 12
72000, 12
72000, 13
72000, 14
72000, 14
72000, 16
72000, 17
72000, 17
72000, 18
72000, 19
72000, 23
72000, 24
72000, 24
72000, 26
72000, 26
72000, 26
72000, 30
72000, 31
72000, 31
72000, 32
72000, 32
72000, 33
72000, 34
72000, 36
72000, 36
72000, 36
72000, 38
72000, 39
72000, 39
72000, 39
72000, 40
72000, 40
72000, 41
72000, 41
72000, 42
72000, 43
72000, 44
72000, 45
72000, 46
73000, 10
73000, 13
73000, 14
73000, 14
73000, 16
73000, 16
73000, 16
73000, 16
73000, 17
73000, 17
73000, 18
73000, 19
73000, 20
73000, 21
73000, 21
73000, 23
73000, 24
73000, 24
73000, 24
73000, 25
73000, 25
73000, 26
73000, 28
73000, 28
73000, 28
73000, 29
73000, 30
73000, 30
73000, 31
73000, 32
73000, 33
73000, 33
73000, 34
73000, 36
73000, 36
73000, 37
73000, 38
73000, 42
73000, 42
73000, 43
73000, 45
73000, 45
73000, 46
73000, 47
73000, 48
73000, 48
74000, 10
74000, 11
74000, 12
74000, 13
74000, 14
74000, 15
74000, 16
74000, 16
74000, 16
74000, 17
74000, 17
74000, 17
74000, 17
74000, 19
74000, 19
74000, 20
74000, 22
74000, 22
74000, 22
74000, 22
74000, 23
74000, 23
74000, 24
74000, 25
74000, 25
74000, 27
74000, 27
74000, 28
74000, 28
74000, 28
74000, 31
74000, 34
74000, 34
74000, 36
74000, 36
74000, 36
74000, 36
74000, 37
74000, 38
74000, 39
74000, 40
74000, 40
74000, 41
74000, 42
74000, 43
74000, 43
74000, 44
74000, 44
74000, 49
74000, 49
75000, 12
75000, 14
75000, 15
75000, 16
75000, 19
75000, 19
75000, 20
75000, 21
75000, 21
75000, 21
75000, 22
75000, 22
75000, 24
75000, 25
75000, 25
75000, 26
75000, 29
75000, 31
75000, 32
75000, 32
75000, 32
75000, 32
75000, 34
75000, 35
75000, 36
75000, 36
75000, 37
75000, 38
75000, 39
75000, 39
75000, 39
75000, 41
75000, 41
75000, 41
75000, 43
75000, 45
75000, 46
75000, 47
75000, 48
75000, 49
76000, 10
76000, 10
76000, 11
76000, 14
76000, 15
76000, 15
76000, 15
76000, 17
76000, 19
76000, 19
76000, 19
76000, 19
76000, 22
76000, 22
76000, 23
76000, 25
76000, 25
76000, 27
76000, 27
76000, 28
76000, 28
76000, 31
76000, 33
76000, 33
76000, 37
76000, 38
76000, 40
76000, 41
76000, 42
76000, 43
76000, 43
76000, 44
76000, 44
76000, 45
76000, 47
76000, 47
76000, 48
76000, 49
76000, 49
76000, 49
77000, 10
77000, 11
77000, 11
77000, 13
77000, 14
77000, 14
77000, 15
77000, 15
77000, 15
77000, 17
77000, 20
77000, 21
77000, 21
77000, 22
77000, 23
77000, 24
77000, 24
77000, 25
77000, 25
77000, 26
77000, 26
77000, 29
77000, 30
77000, 33
77000, 37
77000, 37
77000, 38
77000, 39
77000, 39
77000, 41
77000, 43
77000, 43
77000, 44
77000, 46
77000, 46
77000, 46
77000, 46
77000, 46
77000, 48
77000, 49
77000, 49
77000, 49
77000, 49
78000, 10
78000, 10
78000, 10
78000, 11
78000, 12
78000, 12
78000, 13
78000, 15
78000, 15
78000, 16
78000, 17
78000, 18
78000, 20
78000, 23
78000, 26
78000, 28
78000, 30
78000, 30
78000, 31
78000, 32
78000, 32
78000, 33
78000, 33
78000, 33
78000, 35
78000, 35
78000, 36
78000, 36
78000, 36
78000, 37
78000, 37
78000, 39
78000, 39
78000, 39
78000, 39
78000, 41
78000, 41
78000, 42
78000, 42
78000, 42
78000, 45
78000, 47
78000, 48
78000, 49
78000, 49
78000, 49
79000, 10
79000, 11
79000, 11
79000, 13
79000, 14
79000, 14
79000, 14
79000, 15
79000, 18
79000, 19
79000, 20
79000, 22
79000, 22
79000, 24
79000, 25
79000, 28
79000, 28
79000, 28
79000, 28
79000, 31
79000, 32
79000, 34
79000, 34
79000, 35
79000, 36
79000, 36
79000, 38
79000, 38
79000, 38
79000, 40
79000, 40
79000, 41
79000, 41
79000, 42
79000, 42
79000, 43
79000, 43
79000, 43
79000, 45
79000, 47
79000, 47
79000, 47
79000, 48
79000, 49
79000, 49
80000, 11
80000, 12
80000, 14
80000, 15
80000, 16
80000, 16
80000, 17
80000, 17
80000, 17
80000, 17
80000, 18
80000, 19
80000, 24
80000, 27
80000, 29
80000, 29
80000, 31
80000, 32
80000, 32
80000, 32
80000, 34
80000, 34
80000, 37
80000, 37
80000, 40
80000, 42
80000, 43
80000, 43
80000, 43
80000, 44
80000, 44
80000, 46
80000, 47
80000, 47
80000, 47
80000, 48
80000, 49
80000, 49
81000, 10
81000, 11
81000, 12
81000, 12
81000, 13
81000, 13
81000, 14
81000, 16
81000, 16
81000, 17
81000, 17
81000, 17
81000, 19
81000, 19
81000, 19
81000, 19
81000, 20
81000, 20
81000, 20
81000, 21
81000, 21
81000, 22
81000, 22
81000, 23
81000, 23
81000, 26
81000, 30
81000, 30
81000, 31
81000, 31
81000, 31
81000, 31
81000, 32
81000, 32
81000, 33
81000, 36
81000, 36
81000, 37
81000, 37
81000, 38
81000, 40
81000, 40
81000, 42
81000, 42
81000, 43
81000, 43
81000, 43
81000, 44
81000, 45
81000, 45
81000, 47
81000, 47
81000, 48
82000, 10
82000, 10
82000, 13
82000, 13
82000, 13
82000, 14
82000, 17
82000, 17
82000, 18
82000, 19
82000, 20
82000, 20
82000, 22
82000, 23
82000, 25
82000, 25
82000, 26
82000, 29
82000, 30
82000, 31
82000, 32
82000, 32
82000, 33
82000, 33
82000, 34
82000, 34
82000, 34
82000, 36
82000, 36
82000, 36
82000, 37
82000, 37
82000, 38
82000, 40
82000, 43
82000, 44
82000, 44
82000, 47
82000, 47
82000, 49
82000, 49
83000, 10
83000, 10
83000, 10
83000, 12
83000, 12
83000, 12
83000, 14
83000, 15
83000, 15
83000, 16
83000, 17
83000, 20
83000, 21
83000, 21
83000, 21
83000, 30
83000, 30
83000, 30
83000, 30
83000, 31
83000, 31
83000, 31
83000, 31
83000, 32
83000, 32
83000, 35
83000, 36
83000, 37
83000, 38
83000, 40
83000, 42
83000, 43
83000, 43
83000, 46
83000, 47
83000, 47
83000, 49
84000, 10
84000, 11
84000, 12
84000, 12
84000, 12
84000, 14
84000, 14
84000, 16
84000, 16
84000, 16
84000, 17
84000, 18
84000, 19
84000, 21
84000, 22
84000, 22
84000, 23
84000, 25
84000, 26
84000, 28
84000, 28
84000, 29
84000, 29
84000, 31
84000, 32
84000, 33
84000, 33
84000, 34
84000, 35
84000, 35
84000, 38
84000, 40
84000, 41
84000, 43
84000, 44
84000, 44
84000, 45
84000, 45
84000, 45
84000, 45
84000, 47
84000, 48
84000, 49
84000, 49
85000, 10
85000, 11
85000, 13
85000, 13
85000, 16
85000, 17
85000, 17
85000, 18
85000, 19
85000, 19
85000, 19
85000, 20
85000, 21
85000, 22
85000, 24
85000, 24
85000, 25
85000, 25
85000, 26
85000, 26
85000, 26
85000, 27
85000, 28
85000, 28
85000, 28
85000, 30
85000, 31
85000, 32
85000, 32
85000, 33
85000, 34
85000, 34
85000, 35
85000, 38
85000, 38
85000, 39
85000, 40
85000, 40
85000, 41
85000, 44
85000, 44
85000, 45
85000, 46
85000, 47
85000, 48
85000, 48
85000, 49
85000, 49
86000, 11
86000, 14
86000, 16
86000, 17
86000, 18
86000, 19
86000, 19
86000, 20
86000, 20
86000, 21
86000, 23
86000, 25
86000, 25
86000, 26
86000, 28
86000, 29
86000, 29
86000, 32
86000, 36
86000, 39
86000, 39
86000, 39
86000, 40
86000, 41
86000, 42
86000, 44
86000, 44
86000, 45
86000, 46
86000, 47
86000, 47
86000, 48
86000, 48
86000, 49
87000, 11
87000, 12
87000, 12
87000, 15
87000, 16
87000, 16
87000, 17
87000, 17
87000, 17
87000, 17
87000, 18
87000, 18
87000, 18
87000, 19
87000, 20
87000, 21
87000, 21
87000, 23
87000, 23
87000, 24
87000, 25
87000, 25
87000, 26
87000, 26
87000, 27
87000, 28
87000, 29
87000, 30
87000, 30
87000, 30
87000, 32
87000, 32
87000, 34
87000, 34
87000, 35
87000, 35
87000, 35
87000, 38
87000, 38
87000, 39
87000, 39
87000, 40
87000, 40
87000, 41
87000, 42
87000, 44
87000, 45
87000, 45
87000, 45
87000, 46
87000, 46
87000, 46
87000, 47
87000, 48
88000, 12
88000, 12
88000, 12
88000, 12
88000, 14
88000, 15
88000, 17
88000, 18
88000, 19
88000, 20
88000, 24
88000, 24
88000, 24
88000, 24
88000, 25
88000, 25
88000, 26
88000, 27
88000, 28
88000, 28
88000, 29
88000, 29
88000, 29
88000, 29
88000, 30
88000, 32
88000, 34
88000, 34
88000, 34
88000, 34
88000, 36
88000, 39
88000, 41
88000, 45
88000, 47
88000, 47
88000, 47
88000, 48
88000, 49
89000, 10
89000, 10
89000, 10
89000, 10
89000, 12
89000, 12
89000, 15
89000, 16
89000, 17
89000, 18
89000, 19
89000, 19
89000, 19
89000, 20
89000, 22
89000, 24
89000, 25
89000, 25
89000, 25
89000, 25
89000, 27
89000, 28
89000, 29
89000, 30
89000, 30
89000, 30
89000, 35
89000, 35
89000, 36
89000, 36
89000, 36
89000, 40
89000, 41
89000, 47
89000, 47
89000, 49
90000, 12
90000, 13
90000, 15
90000, 15
90000, 16
90000, 18
90000, 18
90000, 21
90000, 21
90000, 21
90000, 22
90000, 24
90000, 24
90000, 25
90000, 25
90000, 25
90000, 29
90000, 30
90000, 31
90000, 32
90000, 32
90000, 33
90000, 34
90000, 35
90000, 37
90000, 37
90000, 38
90000, 39
90000, 40
90000, 40
90000, 43
90000, 45
90000, 46
90000, 47
90000, 47
90000, 47
90000, 47
90000, 47
90000, 48
90000, 48
90000, 48
90000, 49
90000, 49
91000, 10
91000, 11
91000, 13
91000, 16
91000, 16
91000, 17
91000, 18
91000, 19
91000, 23
91000, 24
91000, 26
91000, 26
91000, 28
91000, 28
91000, 29
91000, 29
91000, 29
91000, 31
91000, 31
91000, 32
91000, 32
91000, 35
91000, 35
91000, 35
91000, 36
91000, 37
91000, 37
91000, 38
91000, 38
91000, 40
91000, 40
91000, 42
91000, 42
91000, 43
91000, 46
91000, 47
91000, 48
91000, 49
91000, 49
91000, 49
91000, 49
92000, 11
92000, 11
92000, 12
92000, 13
92000, 14
92000, 16
92000, 17
92000, 19
92000, 20
92000, 23
92000, 25
92000, 25
92000, 25
92000, 26
92000, 26
92000, 29
92000, 30
92000, 32
92000, 32
92000, 33
92000, 36
92000, 36
92000, 36
92000, 39
92000, 39
92000, 39
92000, 40
92000, 41
92000, 41
92000, 41
92000, 41
92000, 42
92000, 43
92000, 46
92000, 46
92000, 46
92000, 47
92000, 48
93000, 13
93000, 14
93000, 15
93000, 15
93000, 16
93000, 17
93000, 20
93000, 20
93000, 21
93000, 22
93000, 23
93000, 23
93000, 24
93000, 25
93000, 25
93000, 26
93000, 30
93000, 32
93000, 34
93000, 34
93000, 35
93000, 35
93000, 36
93000, 37
93000, 39
93000, 39
93000, 40
93000, 41
93000, 43
93000, 43
93000, 46
93000, 47
93000, 49
94000, 10
94000, 12
94000, 12
94000, 12
94000, 13
94000, 13
94000, 15
94000, 15
94000, 16
94000, 18
94000, 18
94000, 19
94000, 19
94000, 20
94000, 21
94000, 22
94000, 23
94000, 24
94000, 25
94000, 26
94000, 26
94000, 27
94000, 28
94000, 28
94000, 28
94000, 29
94000, 31
94000, 31
94000, 32
94000, 34
94000, 34
94000, 35
94000, 35
94000, 36
94000, 37
94000, 37
94000, 37
94000, 37
94000, 37
94000, 38
94000, 38
94000, 39
94000, 42
94000, 43
94000, 44
94000, 45
94000, 47
94000, 47
94000, 47
94000, 48
94000, 49
95000, 10
95000, 10
95000, 12
95000, 12
95000, 13
95000, 13
95000, 14
95000, 16
95000, 17
95000, 20
95000, 21
95000, 21
95000, 21
95000, 24
95000, 24
95000, 26
95000, 27
95000, 30
95000, 31
95000, 34
95000, 34
95000, 34
95000, 37
95000, 37
95000, 37
95000, 39
95000, 39
95000, 40
95000, 40
95000, 42
95000, 43
95000, 44
95000, 45
95000, 46
95000, 47
95000, 48
95000, 48
96000, 10
96000, 10
96000, 11
96000, 11
96000, 11
96000, 12
96000, 15
96000, 15
96000, 16
96000, 19
96000, 19
96000, 20
96000, 21
96000, 22
96000, 22
96000, 22
96000, 28
96000, 29
96000, 31
96000, 33
96000, 33
96000, 34
96000, 39
96000, 39
96000, 39
96000, 41
96000, 42
96000, 44
96000, 45
96000, 46
96000, 46
96000, 48
97000, 11
97000, 12
97000, 13
97000, 13
97000, 14
97000, 14
97000, 16
97000, 16
97000, 16
97000, 17
97000, 17
97000, 19
97000, 20
97000, 21
97000, 23
97000, 23
97000, 24
97000, 25
97000, 26
97000, 27
97000, 28
97000, 29
97000, 34
97000, 35
97000, 35
97000, 36
97000, 36
97000, 37
97000, 38
97000, 39
97000, 40
97000, 43
97000, 43
97000, 44
97000, 44
97000, 46
97000, 46
97000, 48
97000, 48
97000, 49
97000, 49
97000, 49
98000, 11
98000, 13
98000, 16
98000, 17
98000, 17
98000, 18
98000, 18
98000, 18
98000, 20
98000, 21
98000, 22
98000, 22
98000, 22
98000, 23
98000, 23
98000, 25
98000, 27
98000, 28
98000, 29
98000, 31
98000, 32
98000, 32
98000, 33
98000, 33
98000, 33
98000, 34
98000, 34
98000, 37
98000, 38
98000, 39
98000, 40
98000, 41
98000, 41
98000, 43
98000, 43
98000, 44
98000, 45
98000, 47
98000, 49
98000, 49
99000, 10
99000, 11
99000, 13
99000, 13
99000, 14
99000, 16
99000, 16
99000, 20
99000, 23
99000, 24
99000, 25
99000, 27
99000, 28
99000, 29
99000, 30
99000, 31
99000, 31
99000, 31
99000, 33
99000, 35
99000, 35
99000, 36
99000, 36
99000, 37
99000, 37
99000, 37
99000, 38
99000, 38
99000, 40
99000, 41
99000, 41
99000, 42
99000, 43
99000, 44
99000, 45
99000, 46
99000, 47
99000, 48
99000, 49
task3 takes 5082328 nano-seconds
==== task4 ====
2000, 10
5000, 10
5000, 10
6000, 10
6000, 10
6000, 10
6000, 10
8000, 10
10000, 10
10000, 10
11000, 10
13000, 10
14000, 10
17000, 10
18000, 10
19000, 10
19000, 10
23000, 10
23000, 10
23000, 10
24000, 10
24000, 10
26000, 10
27000, 10
27000, 10
28000, 10
28000, 10
32000, 10
33000, 10
35000, 10
35000, 10
39000, 10
39000, 10
40000, 10
40000, 10
40000, 10
41000, 10
41000, 10
42000, 10
42000, 10
42000, 10
43000, 10
45000, 10
47000, 10
47000, 10
48000, 10
48000, 10
49000, 10
50000, 10
51000, 10
52000, 10
52000, 10
52000, 10
53000, 10
54000, 10
54000, 10
54000, 10
55000, 10
57000, 10
57000, 10
57000, 10
58000, 10
58000, 10
59000, 10
59000, 10
63000, 10
64000, 10
64000, 10
64000, 10
65000, 10
67000, 10
68000, 10
68000, 10
69000, 10
72000, 10
74000, 10
76000, 10
76000, 10
76000, 10
78000, 10
78000, 10
78000, 10
79000, 10
80000, 10
81000, 10
82000, 10
82000, 10
82000, 10
82000, 10
83000, 10
84000, 10
85000, 10
87000, 10
89000, 10
89000, 10
90000, 10
91000, 10
94000, 10
98000, 10
99000, 10
1000, 11
1000, 11
2000, 11
2000, 11
2000, 11
2000, 11
3000, 11
4000, 11
4000, 11
5000, 11
5000, 11
7000, 11
9000, 11
14000, 11
14000, 11
14000, 11
16000, 11
16000, 11
17000, 11
18000, 11
19000, 11
20000, 11
21000, 11
21000, 11
21000, 11
21000, 11
22000, 11
24000, 11
25000, 11
26000, 11
26000, 11
26000, 11
27000, 11
27000, 11
27000, 11
29000, 11
30000, 11
30000, 11
35000, 11
35000, 11
35000, 11
37000, 11
37000, 11
38000, 11
38000, 11
40000, 11
40000, 11
41000, 11
42000, 11
42000, 11
43000, 11
49000, 11
49000, 11
49000, 11
52000, 11
52000, 11
57000, 11
59000, 11
59000, 11
61000, 11
61000, 11
61000, 11
62000, 11
63000, 11
67000, 11
69000, 11
71000, 11
73000, 11
75000, 11
75000, 11
76000, 11
76000, 11
79000, 11
81000, 11
81000, 11
83000, 11
83000, 11
85000, 11
85000, 11
87000, 11
88000, 11
91000, 11
92000, 11
93000, 11
94000, 11
95000, 11
96000, 11
98000, 11
3000, 12
3000, 12
3000, 12
3000, 12
3000, 12
3000, 12
3000, 12
5000, 12
6000, 12
10000, 12
15000, 12
15000, 12
16000, 12
17000, 12
19000, 12
19000, 12
20000, 12
25000, 12
27000, 12
28000, 12
30000, 12
33000, 12
34000, 12
35000, 12
36000, 12
39000, 12
40000, 12
40000, 12
41000, 12
41000, 12
42000, 12
43000, 12
44000, 12
44000, 12
44000, 12
45000, 12
46000, 12
53000, 12
54000, 12
56000, 12
57000, 12
59000, 12
59000, 12
60000, 12
61000, 12
62000, 12
62000, 12
62000, 12
63000, 12
63000, 12
63000, 12
64000, 12
65000, 12
66000, 12
66000, 12
68000, 12
69000, 12
69000, 12
72000, 12
73000, 12
73000, 12
74000, 12
74000, 12
75000, 12
77000, 12
77000, 12
78000, 12
81000, 12
82000, 12
83000, 12
84000, 12
86000, 12
86000, 12
86000, 12
87000, 12
87000, 12
88000, 12
88000, 12
89000, 12
93000, 12
93000, 12
93000, 12
95000, 12
95000, 12
97000, 12
99000, 12
1000, 13
1000, 13
4000, 13
4000, 13
4000, 13
7000, 13
7000, 13
8000, 13
9000, 13
11000, 13
14000, 13
14000, 13
18000, 13
20000, 13
20000, 13
22000, 13
23000, 13
24000, 13
24000, 13
25000, 13
25000, 13
26000, 13
27000, 13
27000, 13
28000, 13
30000, 13
31000, 13
31000, 13
33000, 13
34000, 13
34000, 13
35000, 13
35000, 13
35000, 13
37000, 13
38000, 13
39000, 13
40000, 13
40000, 13
41000, 13
42000, 13
44000, 13
46000, 13
47000, 13
47000, 13
49000, 13
49000, 13
50000, 13
52000, 13
52000, 13
53000, 13
54000, 13
54000, 13
56000, 13
57000, 13
57000, 13
59000, 13
59000, 13
61000, 13
63000, 13
64000, 13
64000, 13
65000, 13
65000, 13
65000, 13
65000, 13
67000, 13
68000, 13
70000, 13
71000, 13
72000, 13
73000, 13
74000, 13
74000, 13
76000, 13
76000, 13
76000, 13
77000, 13
77000, 13
78000, 13
83000, 13
85000, 13
86000, 13
86000, 13
88000, 13
89000, 13
90000, 13
91000, 13
91000, 13
93000, 13
94000, 13
95000, 13
96000, 13
99000, 13
1000, 14
1000, 14
2000, 14
4000, 14
4000, 14
7000, 14
8000, 14
8000, 14
9000, 14
10000, 14
10000, 14
10000, 14
11000, 14
11000, 14
12000, 14
12000, 14
12000, 14
13000, 14
17000, 14
20000, 14
21000, 14
23000, 14
23000, 14
23000, 14
25000, 14
26000, 14
27000, 14
28000, 14
29000, 14
29000, 14
30000, 14
30000, 14
31000, 14
32000, 14
32000, 14
34000, 14
34000, 14
34000, 14
36000, 14
37000, 14
39000, 14
41000, 14
42000, 14
43000, 14
43000, 14
44000, 14
44000, 14
45000, 14
45000, 14
45000, 14
46000, 14
47000, 14
48000, 14
53000, 14
53000, 14
53000, 14
55000, 14
57000, 14
59000, 14
59000, 14
61000, 14
61000, 14
61000, 14
62000, 14
62000, 14
64000, 14
64000, 14
65000, 14
65000, 14
65000, 14
68000, 14
68000, 14
71000, 14
72000, 14
73000, 14
74000, 14
75000, 14
76000, 14
76000, 14
78000, 14
78000, 14
79000, 14
79000, 14
79000, 14
80000, 14
81000, 14
83000, 14
84000, 14
84000, 14
86000, 14
87000, 14
87000, 14
90000, 14
90000, 14
91000, 14
93000, 14
94000, 14
95000, 14
95000, 14
95000, 14
95000, 14
96000, 14
98000, 14
98000, 14
98000, 14
98000, 14
99000, 14
99000, 14
2000, 15
2000, 15
3000, 15
4000, 15
4000, 15
4000, 15
5000, 15
5000, 15
5000, 15
5000, 15
6000, 15
7000, 15
7000, 15
7000, 15
9000, 15
10000, 15
11000, 15
12000, 15
14000, 15
15000, 15
15000, 15
16000, 15
16000, 15
17000, 15
19000, 15
20000, 15
21000, 15
22000, 15
23000, 15
25000, 15
26000, 15
27000, 15
27000, 15
30000, 15
30000, 15
32000, 15
32000, 15
32000, 15
34000, 15
35000, 15
35000, 15
35000, 15
36000, 15
37000, 15
38000, 15
39000, 15
39000, 15
41000, 15
42000, 15
42000, 15
43000, 15
44000, 15
44000, 15
44000, 15
44000, 15
46000, 15
48000, 15
48000, 15
50000, 15
50000, 15
51000, 15
52000, 15
52000, 15
52000, 15
52000, 15
54000, 15
57000, 15
57000, 15
58000, 15
60000, 15
61000, 15
61000, 15
62000, 15
62000, 15
64000, 15
65000, 15
65000, 15
66000, 15
67000, 15
67000, 15
68000, 15
68000, 15
70000, 15
72000, 15
72000, 15
73000, 15
73000, 15
73000, 15
74000, 15
74000, 15
75000, 15
78000, 15
78000, 15
79000, 15
82000, 15
83000, 15
84000, 15
85000, 15
85000, 15
85000, 15
86000, 15
86000, 15
87000, 15
88000, 15
89000, 15
90000, 15
91000, 15
93000, 15
94000, 15
95000, 15
96000, 15
96000, 15
97000, 15
97000, 15
97000, 15
99000, 15
2000, 16
3000, 16
4000, 16
5000, 16
6000, 16
6000, 16
7000, 16
7000, 16
8000, 16
8000, 16
12000, 16
14000, 16
15000, 16
15000, 16
15000, 16
17000, 16
18000, 16
19000, 16
20000, 16
22000, 16
23000, 16
24000, 16
24000, 16
30000, 16
33000, 16
35000, 16
35000, 16
36000, 16
39000, 16
39000, 16
40000, 16
42000, 16
43000, 16
43000, 16
44000, 16
47000, 16
48000, 16
49000, 16
51000, 16
52000, 16
52000, 16
53000, 16
53000, 16
53000, 16
55000, 16
56000, 16
56000, 16
58000, 16
59000, 16
59000, 16
60000, 16
60000, 16
60000, 16
61000, 16
62000, 16
63000, 16
64000, 16
64000, 16
66000, 16
68000, 16
68000, 16
68000, 16
68000, 16
71000, 16
73000, 16
73000, 16
73000, 16
74000, 16
75000, 16
76000, 16
76000, 16
78000, 16
79000, 16
79000, 16
79000, 16
79000, 16
80000, 16
81000, 16
81000, 16
82000, 16
82000, 16
82000, 16
84000, 16
85000, 16
85000, 16
85000, 16
85000, 16
85000, 16
86000, 16
87000, 16
90000, 16
90000, 16
90000, 16
90000, 16
92000, 16
93000, 16
93000, 16
93000, 16
96000, 16
97000, 16
98000, 16
2000, 17
3000, 17
3000, 17
3000, 17
7000, 17
11000, 17
12000, 17
13000, 17
13000, 17
14000, 17
17000, 17
18000, 17
19000, 17
20000, 17
21000, 17
22000, 17
23000, 17
23000, 17
24000, 17
25000, 17
27000, 17
27000, 17
28000, 17
29000, 17
29000, 17
31000, 17
32000, 17
33000, 17
34000, 17
35000, 17
36000, 17
37000, 17
37000, 17
37000, 17
37000, 17
38000, 17
38000, 17
38000, 17
39000, 17
39000, 17
40000, 17
42000, 17
42000, 17
43000, 17
44000, 17
44000, 17
45000, 17
45000, 17
46000, 17
46000, 17
46000, 17
48000, 17
48000, 17
48000, 17
48000, 17
49000, 17
50000, 17
50000, 17
51000, 17
51000, 17
52000, 17
53000, 17
54000, 17
55000, 17
55000, 17
55000, 17
57000, 17
57000, 17
60000, 17
61000, 17
62000, 17
62000, 17
63000, 17
64000, 17
64000, 17
65000, 17
66000, 17
67000, 17
67000, 17
68000, 17
68000, 17
69000, 17
70000, 17
71000, 17
73000, 17
73000, 17
74000, 17
74000, 17
74000, 17
76000, 17
78000, 17
80000, 17
82000, 17
82000, 17
83000, 17
85000, 17
88000, 17
90000, 17
91000, 17
92000, 17
93000, 17
96000, 17
99000, 17
99000, 17
99000, 17
1000, 18
2000, 18
2000, 18
2000, 18
4000, 18
4000, 18
5000, 18
5000, 18
7000, 18
7000, 18
8000, 18
8000, 18
10000, 18
10000, 18
10000, 18
11000, 18
12000, 18
13000, 18
13000, 18
14000, 18
15000, 18
16000, 18
16000, 18
18000, 18
19000, 18
21000, 18
21000, 18
22000, 18
23000, 18
24000, 18
25000, 18
27000, 18
27000, 18
27000, 18
27000, 18
29000, 18
29000, 18
31000, 18
31000, 18
32000, 18
33000, 18
33000, 18
35000, 18
37000, 18
37000, 18
39000, 18
41000, 18
43000, 18
43000, 18
44000, 18
44000, 18
45000, 18
47000, 18
47000, 18
48000, 18
48000, 18
51000, 18
52000, 18
52000, 18
52000, 18
55000, 18
55000, 18
55000, 18
55000, 18
59000, 18
60000, 18
60000, 18
60000, 18
60000, 18
61000, 18
61000, 18
62000, 18
64000, 18
66000, 18
66000, 18
67000, 18
68000, 18
69000, 18
69000, 18
70000, 18
71000, 18
72000, 18
76000, 18
76000, 18
78000, 18
81000, 18
81000, 18
82000, 18
82000, 18
82000, 18
84000, 18
88000, 18
89000, 18
89000, 18
90000, 18
90000, 18
91000, 18
91000, 18
91000, 18
92000, 18
93000, 18
94000, 18
95000, 18
95000, 18
95000, 18
96000, 18
96000, 18
98000, 18
98000, 18
99000, 18
5000, 19
6000, 19
6000, 19
6000, 19
6000, 19
6000, 19
8000, 19
8000, 19
9000, 19
10000, 19
11000, 19
11000, 19
12000, 19
17000, 19
17000, 19
17000, 19
18000, 19
18000, 19
19000, 19
20000, 19
21000, 19
21000, 19
23000, 19
24000, 19
24000, 19
25000, 19
25000, 19
26000, 19
31000, 19
33000, 19
33000, 19
34000, 19
35000, 19
39000, 19
41000, 19
41000, 19
41000, 19
42000, 19
43000, 19
43000, 19
44000, 19
46000, 19
46000, 19
48000, 19
51000, 19
53000, 19
54000, 19
55000, 19
56000, 19
56000, 19
56000, 19
57000, 19
60000, 19
61000, 19
61000, 19
61000, 19
62000, 19
64000, 19
65000, 19
65000, 19
65000, 19
66000, 19
67000, 19
68000, 19
69000, 19
69000, 19
73000, 19
76000, 19
77000, 19
77000, 19
79000, 19
79000, 19
82000, 19
83000, 19
84000, 19
86000, 19
89000, 19
90000, 19
91000, 19
94000, 19
94000, 19
96000, 19
97000, 19
98000, 19
98000, 19
99000, 19
99000, 19
99000, 19
99000, 19
1000, 20
1000, 20
1000, 20
1000, 20
3000, 20
4000, 20
4000, 20
4000, 20
5000, 20
6000, 20
7000, 20
12000, 20
14000, 20
16000, 20
19000, 20
20000, 20
20000, 20
21000, 20
22000, 20
24000, 20
25000, 20
25000, 20
26000, 20
26000, 20
30000, 20
30000, 20
31000, 20
32000, 20
34000, 20
34000, 20
35000, 20
35000, 20
36000, 20
37000, 20
38000, 20
41000, 20
42000, 20
42000, 20
44000, 20
46000, 20
46000, 20
47000, 20
47000, 20
49000, 20
51000, 20
51000, 20
52000, 20
54000, 20
54000, 20
54000, 20
54000, 20
56000, 20
57000, 20
58000, 20
60000, 20
61000, 20
62000, 20
62000, 20
63000, 20
64000, 20
64000, 20
65000, 20
66000, 20
70000, 20
71000, 20
72000, 20
72000, 20
73000, 20
75000, 20
76000, 20
76000, 20
77000, 20
79000, 20
79000, 20
80000, 20
81000, 20
83000, 20
83000, 20
84000, 20
86000, 20
86000, 20
87000, 20
88000, 20
88000, 20
89000, 20
89000, 20
90000, 20
90000, 20
90000, 20
95000, 20
95000, 20
95000, 20
95000, 20
4000, 21
4000, 21
4000, 21
4000, 21
5000, 21
7000, 21
9000, 21
11000, 21
12000, 21
12000, 21
13000, 21
14000, 21
14000, 21
15000, 21
15000, 21
16000, 21
16000, 21
16000, 21
16000, 21
17000, 21
17000, 21
19000, 21
19000, 21
19000, 21
21000, 21
21000, 21
25000, 21
25000, 21
28000, 21
31000, 21
31000, 21
32000, 21
32000, 21
33000, 21
35000, 21
36000, 21
37000, 21
37000, 21
38000, 21
38000, 21
38000, 21
38000, 21
39000, 21
39000, 21
40000, 21
41000, 21
41000, 21
41000, 21
43000, 21
43000, 21
43000, 21
44000, 21
45000, 21
46000, 21
46000, 21
47000, 21
47000, 21
48000, 21
49000, 21
49000, 21
54000, 21
56000, 21
56000, 21
57000, 21
59000, 21
59000, 21
60000, 21
60000, 21
61000, 21
62000, 21
62000, 21
63000, 21
63000, 21
64000, 21
65000, 21
65000, 21
65000, 21
67000, 21
68000, 21
69000, 21
69000, 21
72000, 21
72000, 21
73000, 21
74000, 21
76000, 21
77000, 21
77000, 21
78000, 21
79000, 21
79000, 21
80000, 21
81000, 21
82000, 21
83000, 21
83000, 21
83000, 21
85000, 21
87000, 21
87000, 21
87000, 21
88000, 21
89000, 21
89000, 21
91000, 21
93000, 21
93000, 21
94000, 21
94000, 21
94000, 21
94000, 21
95000, 21
96000, 21
96000, 21
96000, 21
1000, 22
1000, 22
1000, 22
1000, 22
3000, 22
4000, 22
6000, 22
6000, 22
7000, 22
9000, 22
10000, 22
11000, 22
11000, 22
12000, 22
13000, 22
14000, 22
16000, 22
16000, 22
18000, 22
18000, 22
18000, 22
19000, 22
19000, 22
19000, 22
20000, 22
21000, 22
22000, 22
23000, 22
24000, 22
24000, 22
25000, 22
26000, 22
27000, 22
27000, 22
27000, 22
28000, 22
28000, 22
30000, 22
30000, 22
31000, 22
31000, 22
32000, 22
32000, 22
33000, 22
33000, 22
39000, 22
41000, 22
41000, 22
42000, 22
43000, 22
43000, 22
46000, 22
46000, 22
48000, 22
49000, 22
49000, 22
49000, 22
50000, 22
50000, 22
52000, 22
52000, 22
54000, 22
55000, 22
56000, 22
57000, 22
59000, 22
59000, 22
60000, 22
60000, 22
61000, 22
62000, 22
62000, 22
63000, 22
64000, 22
64000, 22
65000, 22
66000, 22
66000, 22
67000, 22
67000, 22
68000, 22
68000, 22
69000, 22
70000, 22
72000, 22
72000, 22
72000, 22
73000, 22
75000, 22
78000, 22
81000, 22
81000, 22
85000, 22
86000, 22
87000, 22
88000, 22
89000, 22
90000, 22
90000, 22
93000, 22
94000, 22
94000, 22
94000, 22
95000, 22
97000, 22
98000, 22
1000, 23
1000, 23
1000, 23
3000, 23
3000, 23
5000, 23
5000, 23
6000, 23
7000, 23
8000, 23
8000, 23
8000, 23
8000, 23
9000, 23
10000, 23
11000, 23
14000, 23
16000, 23
17000, 23
19000, 23
20000, 23
20000, 23
22000, 23
23000, 23
24000, 23
25000, 23
25000, 23
26000, 23
29000, 23
30000, 23
32000, 23
32000, 23
32000, 23
32000, 23
33000, 23
33000, 23
36000, 23
38000, 23
38000, 23
40000, 23
42000, 23
43000, 23
44000, 23
44000, 23
45000, 23
46000, 23
49000, 23
49000, 23
50000, 23
51000, 23
52000, 23
52000, 23
53000, 23
54000, 23
54000, 23
55000, 23
56000, 23
58000, 23
58000, 23
62000, 23
63000, 23
64000, 23
68000, 23
68000, 23
69000, 23
70000, 23
71000, 23
71000, 23
71000, 23
71000, 23
74000, 23
75000, 23
75000, 23
76000, 23
78000, 23
78000, 23
80000, 23
82000, 23
83000, 23
83000, 23
83000, 23
83000, 23
83000, 23
84000, 23
84000, 23
87000, 23
87000, 23
88000, 23
88000, 23
88000, 23
88000, 23
88000, 23
89000, 23
89000, 23
91000, 23
91000, 23
92000, 23
93000, 23
94000, 23
94000, 23
95000, 23
97000, 23
98000, 23
99000, 23
99000, 23
1000, 24
2000, 24
2000, 24
2000, 24
4000, 24
5000, 24
5000, 24
6000, 24
6000, 24
6000, 24
7000, 24
7000, 24
8000, 24
10000, 24
12000, 24
13000, 24
13000, 24
13000, 24
18000, 24
21000, 24
21000, 24
21000, 24
23000, 24
24000, 24
25000, 24
25000, 24
26000, 24
27000, 24
27000, 24
28000, 24
28000, 24
28000, 24
28000, 24
28000, 24
29000, 24
30000, 24
30000, 24
33000, 24
33000, 24
34000, 24
37000, 24
38000, 24
39000, 24
40000, 24
43000, 24
45000, 24
45000, 24
46000, 24
46000, 24
46000, 24
48000, 24
50000, 24
50000, 24
50000, 24
50000, 24
51000, 24
51000, 24
52000, 24
54000, 24
54000, 24
56000, 24
56000, 24
56000, 24
57000, 24
58000, 24
59000, 24
62000, 24
63000, 24
63000, 24
64000, 24
65000, 24
66000, 24
67000, 24
67000, 24
70000, 24
72000, 24
73000, 24
74000, 24
76000, 24
76000, 24
76000, 24
77000, 24
78000, 24
79000, 24
81000, 24
81000, 24
81000, 24
82000, 24
82000, 24
82000, 24
86000, 24
86000, 24
86000, 24
87000, 24
88000, 24
89000, 24
89000, 24
90000, 24
91000, 24
91000, 24
91000, 24
92000, 24
92000, 24
92000, 24
95000, 24
95000, 24
97000, 24
97000, 24
98000, 24
99000, 24
1000, 25
1000, 25
2000, 25
3000, 25
4000, 25
5000, 25
5000, 25
5000, 25
6000, 25
6000, 25
6000, 25
6000, 25
6000, 25
7000, 25
7000, 25
9000, 25
10000, 25
10000, 25
11000, 25
11000, 25
12000, 25
14000, 25
14000, 25
15000, 25
15000, 25
15000, 25
16000, 25
16000, 25
18000, 25
19000, 25
20000, 25
21000, 25
22000, 25
23000, 25
23000, 25
26000, 25
27000, 25
27000, 25
28000, 25
28000, 25
29000, 25
31000, 25
31000, 25
33000, 25
33000, 25
33000, 25
34000, 25
35000, 25
35000, 25
37000, 25
38000, 25
39000, 25
40000, 25
40000, 25
41000, 25
41000, 25
43000, 25
43000, 25
44000, 25
46000, 25
48000, 25
48000, 25
49000, 25
50000, 25
53000, 25
54000, 25
54000, 25
55000, 25
55000, 25
56000, 25
56000, 25
56000, 25
57000, 25
61000, 25
61000, 25
62000, 25
63000, 25
65000, 25
65000, 25
67000, 25
67000, 25
68000, 25
68000, 25
68000, 25
70000, 25
72000, 25
73000, 25
75000, 25
75000, 25
76000, 25
77000, 25
77000, 25
77000, 25
77000, 25
79000, 25
79000, 25
82000, 25
82000, 25
83000, 25
84000, 25
86000, 25
88000, 25
88000, 25
89000, 25
89000, 25
89000, 25
90000, 25
90000, 25
90000, 25
90000, 25
91000, 25
92000, 25
92000, 25
92000, 25
92000, 25
93000, 25
94000, 25
95000, 25
95000, 25
96000, 25
96000, 25
97000, 25
97000, 25
97000, 25
98000, 25
1000, 26
1000, 26
4000, 26
7000, 26
8000, 26
9000, 26
9000, 26
9000, 26
9000, 26
10000, 26
12000, 26
15000, 26
15000, 26
17000, 26
18000, 26
20000, 26
21000, 26
21000, 26
22000, 26
23000, 26
23000, 26
25000, 26
26000, 26
27000, 26
27000, 26
29000, 26
30000, 26
30000, 26
32000, 26
35000, 26
36000, 26
37000, 26
37000, 26
40000, 26
41000, 26
42000, 26
42000, 26
44000, 26
44000, 26
46000, 26
46000, 26
47000, 26
49000, 26
50000, 26
51000, 26
52000, 26
52000, 26
53000, 26
53000, 26
54000, 26
54000, 26
54000, 26
55000, 26
58000, 26
58000, 26
60000, 26
60000, 26
61000, 26
61000, 26
63000, 26
64000, 26
65000, 26
67000, 26
69000, 26
69000, 26
69000, 26
70000, 26
72000, 26
73000, 26
73000, 26
74000, 26
75000, 26
75000, 26
78000, 26
80000, 26
80000, 26
80000, 26
83000, 26
83000, 26
83000, 26
83000, 26
84000, 26
85000, 26
85000, 26
87000, 26
87000, 26
88000, 26
88000, 26
91000, 26
92000, 26
93000, 26
97000, 26
2000, 27
6000, 27
7000, 27
7000, 27
9000, 27
10000, 27
11000, 27
12000, 27
12000, 27
13000, 27
13000, 27
14000, 27
14000, 27
15000, 27
15000, 27
16000, 27
16000, 27
18000, 27
21000, 27
23000, 27
25000, 27
27000, 27
28000, 27
30000, 27
30000, 27
38000, 27
38000, 27
38000, 27
38000, 27
38000, 27
40000, 27
41000, 27
42000, 27
43000, 27
44000, 27
44000, 27
46000, 27
47000, 27
49000, 27
49000, 27
49000, 27
50000, 27
51000, 27
51000, 27
52000, 27
52000, 27
54000, 27
55000, 27
55000, 27
57000, 27
59000, 27
59000, 27
59000, 27
61000, 27
62000, 27
62000, 27
64000, 27
64000, 27
66000, 27
67000, 27
67000, 27
67000, 27
69000, 27
69000, 27
69000, 27
70000, 27
70000, 27
70000, 27
74000, 27
76000, 27
77000, 27
77000, 27
80000, 27
80000, 27
83000, 27
83000, 27
84000, 27
84000, 27
86000, 27
86000, 27
89000, 27
89000, 27
90000, 27
90000, 27
91000, 27
92000, 27
92000, 27
92000, 27
96000, 27
97000, 27
98000, 27
99000, 27
1000, 28
2000, 28
4000, 28
5000, 28
7000, 28
8000, 28
9000, 28
9000, 28
11000, 28
11000, 28
12000, 28
12000, 28
13000, 28
13000, 28
13000, 28
14000, 28
14000, 28
15000, 28
15000, 28
15000, 28
18000, 28
18000, 28
21000, 28
21000, 28
24000, 28
24000, 28
24000, 28
27000, 28
27000, 28
28000, 28
28000, 28
30000, 28
32000, 28
32000, 28
32000, 28
33000, 28
34000, 28
34000, 28
35000, 28
36000, 28
37000, 28
40000, 28
40000, 28
40000, 28
40000, 28
41000, 28
42000, 28
45000, 28
47000, 28
49000, 28
49000, 28
50000, 28
50000, 28
51000, 28
51000, 28
55000, 28
56000, 28
57000, 28
57000, 28
59000, 28
60000, 28
60000, 28
61000, 28
62000, 28
62000, 28
62000, 28
63000, 28
65000, 28
66000, 28
66000, 28
68000, 28
71000, 28
72000, 28
72000, 28
74000, 28
78000, 28
79000, 28
80000, 28
82000, 28
84000, 28
84000, 28
84000, 28
85000, 28
86000, 28
87000, 28
89000, 28
90000, 28
90000, 28
91000, 28
91000, 28
91000, 28
91000, 28
91000, 28
91000, 28
94000, 28
95000, 28
98000, 28
98000, 28
98000, 28
99000, 28
1000, 29
1000, 29
2000, 29
4000, 29
6000, 29
6000, 29
7000, 29
9000, 29
11000, 29
14000, 29
14000, 29
16000, 29
18000, 29
18000, 29
22000, 29
23000, 29
27000, 29
27000, 29
27000, 29
27000, 29
30000, 29
30000, 29
32000, 29
33000, 29
33000, 29
37000, 29
38000, 29
39000, 29
39000, 29
40000, 29
41000, 29
41000, 29
41000, 29
42000, 29
42000, 29
43000, 29
44000, 29
44000, 29
45000, 29
45000, 29
46000, 29
48000, 29
48000, 29
50000, 29
51000, 29
52000, 29
53000, 29
54000, 29
54000, 29
54000, 29
54000, 29
58000, 29
64000, 29
65000, 29
67000, 29
69000, 29
70000, 29
72000, 29
72000, 29
73000, 29
73000, 29
73000, 29
74000, 29
74000, 29
75000, 29
75000, 29
77000, 29
80000, 29
82000, 29
83000, 29
83000, 29
84000, 29
85000, 29
85000, 29
88000, 29
88000, 29
88000, 29
89000, 29
90000, 29
91000, 29
93000, 29
93000, 29
94000, 29
94000, 29
94000, 29
95000, 29
95000, 29
96000, 29
99000, 29
2000, 30
3000, 30
3000, 30
6000, 30
6000, 30
8000, 30
8000, 30
9000, 30
10000, 30
11000, 30
12000, 30
12000, 30
12000, 30
13000, 30
14000, 30
14000, 30
17000, 30
17000, 30
20000, 30
22000, 30
23000, 30
23000, 30
24000, 30
24000, 30
26000, 30
27000, 30
27000, 30
28000, 30
28000, 30
28000, 30
29000, 30
30000, 30
30000, 30
31000, 30
33000, 30
34000, 30
34000, 30
35000, 30
37000, 30
41000, 30
41000, 30
42000, 30
42000, 30
43000, 30
43000, 30
44000, 30
44000, 30
45000, 30
46000, 30
46000, 30
47000, 30
47000, 30
47000, 30
47000, 30
48000, 30
48000, 30
49000, 30
51000, 30
52000, 30
53000, 30
54000, 30
55000, 30
55000, 30
56000, 30
56000, 30
57000, 30
57000, 30
58000, 30
60000, 30
60000, 30
61000, 30
61000, 30
64000, 30
65000, 30
66000, 30
66000, 30
67000, 30
69000, 30
72000, 30
75000, 30
76000, 30
78000, 30
79000, 30
80000, 30
81000, 30
83000, 30
84000, 30
84000, 30
85000, 30
86000, 30
88000, 30
88000, 30
90000, 30
90000, 30
90000, 30
91000, 30
91000, 30
92000, 30
93000, 30
95000, 30
96000, 30
96000, 30
96000, 30
97000, 30
97000, 30
98000, 30
99000, 30
99000, 30
99000, 30
1000, 31
2000, 31
2000, 31
3000, 31
4000, 31
5000, 31
5000, 31
6000, 31
6000, 31
6000, 31
6000, 31
7000, 31
7000, 31
7000, 31
8000, 31
9000, 31
9000, 31
10000, 31
10000, 31
11000, 31
12000, 31
13000, 31
15000, 31
17000, 31
17000, 31
18000, 31
20000, 31
23000, 31
24000, 31
25000, 31
26000, 31
27000, 31
28000, 31
28000, 31
29000, 31
29000, 31
29000, 31
32000, 31
34000, 31
34000, 31
36000, 31
37000, 31
38000, 31
38000, 31
38000, 31
39000, 31
41000, 31
42000, 31
43000, 31
43000, 31
44000, 31
44000, 31
45000, 31
45000, 31
45000, 31
50000, 31
50000, 31
52000, 31
52000, 31
52000, 31
54000, 31
55000, 31
55000, 31
55000, 31
56000, 31
58000, 31
61000, 31
61000, 31
62000, 31
64000, 31
64000, 31
65000, 31
65000, 31
66000, 31
66000, 31
67000, 31
67000, 31
67000, 31
71000, 31
71000, 31
72000, 31
72000, 31
73000, 31
73000, 31
73000, 31
74000, 31
75000, 31
76000, 31
76000, 31
77000, 31
78000, 31
79000, 31
79000, 31
81000, 31
83000, 31
84000, 31
86000, 31
87000, 31
87000, 31
87000, 31
89000, 31
90000, 31
94000, 31
95000, 31
98000, 31
98000, 31
99000, 31
1000, 32
1000, 32
1000, 32
3000, 32
8000, 32
8000, 32
8000, 32
10000, 32
13000, 32
15000, 32
16000, 32
18000, 32
20000, 32
20000, 32
21000, 32
21000, 32
22000, 32
22000, 32
22000, 32
23000, 32
23000, 32
24000, 32
25000, 32
26000, 32
27000, 32
29000, 32
30000, 32
34000, 32
35000, 32
36000, 32
36000, 32
37000, 32
39000, 32
40000, 32
41000, 32
43000, 32
44000, 32
45000, 32
46000, 32
47000, 32
48000, 32
48000, 32
49000, 32
53000, 32
54000, 32
56000, 32
60000, 32
60000, 32
62000, 32
65000, 32
65000, 32
67000, 32
68000, 32
68000, 32
69000, 32
69000, 32
70000, 32
72000, 32
72000, 32
72000, 32
72000, 32
73000, 32
73000, 32
74000, 32
75000, 32
75000, 32
76000, 32
76000, 32
76000, 32
76000, 32
77000, 32
78000, 32
78000, 32
80000, 32
82000, 32
84000, 32
84000, 32
85000, 32
86000, 32
87000, 32
88000, 32
90000, 32
91000, 32
92000, 32
93000, 32
95000, 32
97000, 32
98000, 32
99000, 32
99000, 32
3000, 33
5000, 33
6000, 33
6000, 33
7000, 33
8000, 33
8000, 33
9000, 33
10000, 33
13000, 33
13000, 33
14000, 33
14000, 33
17000, 33
17000, 33
17000, 33
18000, 33
19000, 33
22000, 33
23000, 33
24000, 33
25000, 33
28000, 33
29000, 33
29000, 33
30000, 33
30000, 33
31000, 33
32000, 33
32000, 33
32000, 33
34000, 33
36000, 33
36000, 33
37000, 33
37000, 33
38000, 33
39000, 33
40000, 33
40000, 33
40000, 33
40000, 33
42000, 33
44000, 33
46000, 33
46000, 33
46000, 33
48000, 33
48000, 33
48000, 33
49000, 33
51000, 33
53000, 33
53000, 33
53000, 33
53000, 33
54000, 33
54000, 33
56000, 33
60000, 33
61000, 33
61000, 33
62000, 33
64000, 33
67000, 33
68000, 33
68000, 33
71000, 33
72000, 33
73000, 33
74000, 33
74000, 33
75000, 33
79000, 33
80000, 33
80000, 33
80000, 33
80000, 33
80000, 33
80000, 33
81000, 33
81000, 33
82000, 33
83000, 33
83000, 33
83000, 33
86000, 33
87000, 33
87000, 33
88000, 33
88000, 33
89000, 33
91000, 33
92000, 33
93000, 33
93000, 33
93000, 33
93000, 33
94000, 33
94000, 33
94000, 33
96000, 33
98000, 33
99000, 33
1000, 34
1000, 34
2000, 34
3000, 34
5000, 34
6000, 34
7000, 34
8000, 34
8000, 34
9000, 34
9000, 34
9000, 34
11000, 34
13000, 34
14000, 34
14000, 34
15000, 34
15000, 34
17000, 34
17000, 34
18000, 34
20000, 34
21000, 34
22000, 34
23000, 34
23000, 34
24000, 34
24000, 34
24000, 34
26000, 34
28000, 34
28000, 34
28000, 34
29000, 34
29000, 34
30000, 34
31000, 34
32000, 34
34000, 34
35000, 34
36000, 34
36000, 34
39000, 34
39000, 34
40000, 34
40000, 34
41000, 34
41000, 34
41000, 34
41000, 34
42000, 34
42000, 34
43000, 34
43000, 34
44000, 34
45000, 34
47000, 34
48000, 34
49000, 34
50000, 34
50000, 34
50000, 34
50000, 34
51000, 34
52000, 34
52000, 34
53000, 34
56000, 34
58000, 34
60000, 34
61000, 34
61000, 34
61000, 34
62000, 34
63000, 34
66000, 34
67000, 34
67000, 34
69000, 34
69000, 34
71000, 34
71000, 34
73000, 34
74000, 34
77000, 34
80000, 34
82000, 34
83000, 34
83000, 34
83000, 34
83000, 34
83000, 34
84000, 34
86000, 34
88000, 34
90000, 34
90000, 34
90000, 34
92000, 34
92000, 34
93000, 34
94000, 34
95000, 34
95000, 34
95000, 34
96000, 34
96000, 34
96000, 34
96000, 34
99000, 34
99000, 34
1000, 35
1000, 35
2000, 35
2000, 35
2000, 35
3000, 35
3000, 35
6000, 35
7000, 35
8000, 35
10000, 35
13000, 35
14000, 35
14000, 35
14000, 35
15000, 35
15000, 35
16000, 35
16000, 35
17000, 35
21000, 35
21000, 35
23000, 35
25000, 35
25000, 35
27000, 35
28000, 35
29000, 35
29000, 35
29000, 35
30000, 35
30000, 35
32000, 35
33000, 35
33000, 35
33000, 35
34000, 35
34000, 35
36000, 35
37000, 35
38000, 35
40000, 35
40000, 35
42000, 35
43000, 35
44000, 35
44000, 35
45000, 35
45000, 35
45000, 35
46000, 35
48000, 35
50000, 35
51000, 35
51000, 35
53000, 35
53000, 35
54000, 35
55000, 35
56000, 35
57000, 35
59000, 35
61000, 35
61000, 35
62000, 35
62000, 35
62000, 35
64000, 35
68000, 35
74000, 35
75000, 35
75000, 35
76000, 35
76000, 35
77000, 35
78000, 35
79000, 35
82000, 35
82000, 35
83000, 35
84000, 35
86000, 35
87000, 35
88000, 35
88000, 35
91000, 35
91000, 35
94000, 35
94000, 35
96000, 35
98000, 35
98000, 35
99000, 35
1000, 36
3000, 36
4000, 36
7000, 36
9000, 36
9000, 36
9000, 36
11000, 36
13000, 36
14000, 36
15000, 36
15000, 36
15000, 36
15000, 36
17000, 36
17000, 36
18000, 36
19000, 36
20000, 36
20000, 36
21000, 36
23000, 36
26000, 36
26000, 36
26000, 36
29000, 36
29000, 36
30000, 36
32000, 36
33000, 36
34000, 36
35000, 36
36000, 36
37000, 36
38000, 36
38000, 36
39000, 36
40000, 36
41000, 36
41000, 36
41000, 36
43000, 36
44000, 36
44000, 36
46000, 36
46000, 36
48000, 36
50000, 36
50000, 36
51000, 36
52000, 36
52000, 36
53000, 36
54000, 36
54000, 36
55000, 36
55000, 36
57000, 36
57000, 36
58000, 36
61000, 36
63000, 36
63000, 36
65000, 36
66000, 36
68000, 36
69000, 36
69000, 36
70000, 36
72000, 36
73000, 36
73000, 36
74000, 36
74000, 36
74000, 36
75000, 36
76000, 36
76000, 36
77000, 36
77000, 36
78000, 36
79000, 36
80000, 36
84000, 36
88000, 36
88000, 36
90000, 36
91000, 36
91000, 36
91000, 36
93000, 36
94000, 36
95000, 36
96000, 36
97000, 36
98000, 36
98000, 36
99000, 36
1000, 37
1000, 37
3000, 37
4000, 37
5000, 37
5000, 37
7000, 37
9000, 37
12000, 37
13000, 37
14000, 37
14000, 37
14000, 37
14000, 37
14000, 37
15000, 37
17000, 37
18000, 37
20000, 37
21000, 37
21000, 37
23000, 37
24000, 37
24000, 37
24000, 37
26000, 37
26000, 37
29000, 37
30000, 37
31000, 37
36000, 37
36000, 37
36000, 37
36000, 37
37000, 37
41000, 37
41000, 37
41000, 37
42000, 37
42000, 37
43000, 37
43000, 37
45000, 37
45000, 37
46000, 37
47000, 37
48000, 37
48000, 37
50000, 37
50000, 37
53000, 37
53000, 37
53000, 37
54000, 37
55000, 37
55000, 37
57000, 37
57000, 37
59000, 37
59000, 37
61000, 37
61000, 37
63000, 37
63000, 37
65000, 37
66000, 37
69000, 37
70000, 37
70000, 37
70000, 37
71000, 37
71000, 37
71000, 37
73000, 37
73000, 37
73000, 37
73000, 37
75000, 37
76000, 37
76000, 37
76000, 37
77000, 37
77000, 37
77000, 37
77000, 37
78000, 37
78000, 37
79000, 37
80000, 37
81000, 37
82000, 37
82000, 37
83000, 37
83000, 37
85000, 37
86000, 37
86000, 37
89000, 37
91000, 37
93000, 37
95000, 37
96000, 37
96000, 37
97000, 37
99000, 37
99000, 37
1000, 38
1000, 38
2000, 38
3000, 38
5000, 38
5000, 38
7000, 38
7000, 38
12000, 38
13000, 38
14000, 38
14000, 38
15000, 38
16000, 38
18000, 38
19000, 38
19000, 38
19000, 38
20000, 38
20000, 38
23000, 38
26000, 38
26000, 38
27000, 38
29000, 38
29000, 38
31000, 38
35000, 38
37000, 38
38000, 38
38000, 38
39000, 38
39000, 38
39000, 38
40000, 38
40000, 38
40000, 38
41000, 38
41000, 38
43000, 38
45000, 38
48000, 38
48000, 38
50000, 38
50000, 38
51000, 38
51000, 38
51000, 38
52000, 38
53000, 38
53000, 38
54000, 38
54000, 38
54000, 38
56000, 38
57000, 38
58000, 38
59000, 38
59000, 38
62000, 38
63000, 38
63000, 38
63000, 38
63000, 38
65000, 38
66000, 38
67000, 38
67000, 38
67000, 38
68000, 38
74000, 38
74000, 38
78000, 38
79000, 38
80000, 38
80000, 38
82000, 38
83000, 38
84000, 38
85000, 38
88000, 38
91000, 38
91000, 38
91000, 38
93000, 38
94000, 38
95000, 38
98000, 38
99000, 38
2000, 39
2000, 39
2000, 39
2000, 39
3000, 39
4000, 39
4000, 39
7000, 39
8000, 39
10000, 39
10000, 39
10000, 39
10000, 39
12000, 39
13000, 39
13000, 39
14000, 39
14000, 39
15000, 39
16000, 39
17000, 39
18000, 39
20000, 39
21000, 39
21000, 39
26000, 39
26000, 39
26000, 39
27000, 39
27000, 39
28000, 39
29000, 39
31000, 39
31000, 39
32000, 39
32000, 39
32000, 39
35000, 39
35000, 39
38000, 39
40000, 39
42000, 39
43000, 39
44000, 39
45000, 39
45000, 39
46000, 39
51000, 39
52000, 39
54000, 39
54000, 39
54000, 39
55000, 39
56000, 39
57000, 39
57000, 39
57000, 39
58000, 39
59000, 39
60000, 39
60000, 39
60000, 39
62000, 39
65000, 39
65000, 39
66000, 39
67000, 39
68000, 39
69000, 39
69000, 39
70000, 39
70000, 39
70000, 39
71000, 39
71000, 39
72000, 39
73000, 39
74000, 39
75000, 39
76000, 39
76000, 39
77000, 39
77000, 39
78000, 39
78000, 39
79000, 39
79000, 39
81000, 39
84000, 39
84000, 39
85000, 39
85000, 39
86000, 39
86000, 39
87000, 39
88000, 39
91000, 39
93000, 39
94000, 39
94000, 39
94000, 39
95000, 39
95000, 39
95000, 39
96000, 39
96000, 39
97000, 39
98000, 39
99000, 39
99000, 39
99000, 39
1000, 40
1000, 40
4000, 40
4000, 40
5000, 40
5000, 40
6000, 40
7000, 40
8000, 40
8000, 40
8000, 40
8000, 40
8000, 40
9000, 40
10000, 40
10000, 40
11000, 40
12000, 40
14000, 40
14000, 40
16000, 40
16000, 40
16000, 40
19000, 40
20000, 40
20000, 40
20000, 40
21000, 40
22000, 40
23000, 40
24000, 40
26000, 40
29000, 40
30000, 40
31000, 40
32000, 40
32000, 40
38000, 40
38000, 40
38000, 40
39000, 40
39000, 40
39000, 40
39000, 40
40000, 40
41000, 40
41000, 40
41000, 40
41000, 40
42000, 40
42000, 40
42000, 40
44000, 40
44000, 40
45000, 40
45000, 40
47000, 40
47000, 40
48000, 40
48000, 40
49000, 40
49000, 40
51000, 40
51000, 40
52000, 40
53000, 40
54000, 40
54000, 40
55000, 40
56000, 40
56000, 40
59000, 40
61000, 40
63000, 40
63000, 40
64000, 40
65000, 40
66000, 40
66000, 40
67000, 40
71000, 40
71000, 40
73000, 40
75000, 40
78000, 40
78000, 40
80000, 40
84000, 40
84000, 40
84000, 40
85000, 40
87000, 40
87000, 40
89000, 40
91000, 40
93000, 40
96000, 40
97000, 40
97000, 40
98000, 40
99000, 40
1000, 41
2000, 41
2000, 41
3000, 41
3000, 41
3000, 41
4000, 41
4000, 41
5000, 41
5000, 41
6000, 41
7000, 41
7000, 41
9000, 41
11000, 41
11000, 41
13000, 41
14000, 41
14000, 41
14000, 41
14000, 41
14000, 41
16000, 41
19000, 41
19000, 41
22000, 41
22000, 41
22000, 41
23000, 41
25000, 41
26000, 41
27000, 41
29000, 41
32000, 41
32000, 41
33000, 41
34000, 41
35000, 41
35000, 41
37000, 41
37000, 41
37000, 41
39000, 41
40000, 41
42000, 41
42000, 41
42000, 41
44000, 41
45000, 41
45000, 41
46000, 41
47000, 41
49000, 41
49000, 41
49000, 41
50000, 41
50000, 41
51000, 41
51000, 41
51000, 41
54000, 41
54000, 41
55000, 41
55000, 41
56000, 41
57000, 41
58000, 41
58000, 41
60000, 41
62000, 41
62000, 41
63000, 41
64000, 41
64000, 41
64000, 41
65000, 41
66000, 41
67000, 41
67000, 41
68000, 41
68000, 41
69000, 41
69000, 41
70000, 41
71000, 41
72000, 41
73000, 41
73000, 41
74000, 41
75000, 41
75000, 41
75000, 41
78000, 41
78000, 41
78000, 41
84000, 41
86000, 41
88000, 41
89000, 41
91000, 41
92000, 41
93000, 41
93000, 41
94000, 41
98000, 41
98000, 41
98000, 41
1000, 42
2000, 42
2000, 42
2000, 42
2000, 42
3000, 42
4000, 42
7000, 42
7000, 42
10000, 42
12000, 42
12000, 42
12000, 42
13000, 42
13000, 42
15000, 42
18000, 42
19000, 42
19000, 42
19000, 42
20000, 42
20000, 42
21000, 42
21000, 42
23000, 42
25000, 42
27000, 42
28000, 42
28000, 42
29000, 42
31000, 42
32000, 42
32000, 42
33000, 42
33000, 42
34000, 42
37000, 42
37000, 42
37000, 42
38000, 42
38000, 42
38000, 42
39000, 42
40000, 42
40000, 42
41000, 42
41000, 42
42000, 42
43000, 42
43000, 42
43000, 42
43000, 42
46000, 42
46000, 42
46000, 42
47000, 42
50000, 42
51000, 42
51000, 42
51000, 42
52000, 42
56000, 42
57000, 42
58000, 42
59000, 42
61000, 42
63000, 42
64000, 42
66000, 42
68000, 42
72000, 42
73000, 42
79000, 42
80000, 42
80000, 42
82000, 42
82000, 42
82000, 42
87000, 42
88000, 42
88000, 42
89000, 42
89000, 42
96000, 42
96000, 42
96000, 42
97000, 42
98000, 42
99000, 42
99000, 42
99000, 42
2000, 43
2000, 43
3000, 43
4000, 43
4000, 43
4000, 43
5000, 43
5000, 43
10000, 43
10000, 43
10000, 43
10000, 43
10000, 43
11000, 43
12000, 43
13000, 43
16000, 43
17000, 43
17000, 43
17000, 43
18000, 43
18000, 43
19000, 43
21000, 43
26000, 43
26000, 43
27000, 43
27000, 43
29000, 43
31000, 43
31000, 43
31000, 43
32000, 43
35000, 43
35000, 43
35000, 43
36000, 43
40000, 43
42000, 43
42000, 43
44000, 43
44000, 43
45000, 43
45000, 43
45000, 43
45000, 43
47000, 43
47000, 43
48000, 43
49000, 43
49000, 43
51000, 43
52000, 43
52000, 43
52000, 43
52000, 43
53000, 43
54000, 43
55000, 43
56000, 43
57000, 43
58000, 43
59000, 43
60000, 43
60000, 43
65000, 43
66000, 43
67000, 43
69000, 43
71000, 43
72000, 43
72000, 43
73000, 43
78000, 43
79000, 43
80000, 43
81000, 43
83000, 43
86000, 43
86000, 43
89000, 43
90000, 43
91000, 43
91000, 43
91000, 43
93000, 43
94000, 43
95000, 43
97000, 43
97000, 43
97000, 43
97000, 43
97000, 43
98000, 43
99000, 43
1000, 44
2000, 44
3000, 44
3000, 44
5000, 44
6000, 44
7000, 44
8000, 44
10000, 44
11000, 44
12000, 44
12000, 44
14000, 44
15000, 44
15000, 44
16000, 44
17000, 44
18000, 44
20000, 44
23000, 44
25000, 44
25000, 44
25000, 44
26000, 44
28000, 44
28000, 44
30000, 44
30000, 44
33000, 44
35000, 44
35000, 44
36000, 44
37000, 44
39000, 44
40000, 44
42000, 44
43000, 44
44000, 44
46000, 44
47000, 44
48000, 44
49000, 44
50000, 44
52000, 44
54000, 44
57000, 44
58000, 44
58000, 44
59000, 44
59000, 44
59000, 44
61000, 44
61000, 44
61000, 44
62000, 44
63000, 44
64000, 44
64000, 44
64000, 44
67000, 44
68000, 44
71000, 44
71000, 44
73000, 44
76000, 44
76000, 44
76000, 44
77000, 44
78000, 44
79000, 44
79000, 44
81000, 44
81000, 44
82000, 44
82000, 44
82000, 44
82000, 44
83000, 44
84000, 44
85000, 44
85000, 44
86000, 44
86000, 44
87000, 44
88000, 44
90000, 44
91000, 44
93000, 44
93000, 44
94000, 44
94000, 44
96000, 44
97000, 44
98000, 44
99000, 44
1000, 45
2000, 45
4000, 45
4000, 45
5000, 45
7000, 45
7000, 45
8000, 45
9000, 45
10000, 45
13000, 45
13000, 45
16000, 45
18000, 45
18000, 45
18000, 45
18000, 45
19000, 45
19000, 45
21000, 45
22000, 45
23000, 45
23000, 45
26000, 45
26000, 45
27000, 45
28000, 45
28000, 45
28000, 45
29000, 45
29000, 45
29000, 45
30000, 45
30000, 45
31000, 45
32000, 45
32000, 45
32000, 45
32000, 45
33000, 45
34000, 45
34000, 45
37000, 45
38000, 45
39000, 45
39000, 45
39000, 45
39000, 45
42000, 45
44000, 45
44000, 45
44000, 45
44000, 45
44000, 45
45000, 45
45000, 45
45000, 45
46000, 45
46000, 45
47000, 45
52000, 45
54000, 45
54000, 45
54000, 45
58000, 45
60000, 45
62000, 45
62000, 45
63000, 45
63000, 45
64000, 45
67000, 45
67000, 45
68000, 45
68000, 45
69000, 45
71000, 45
72000, 45
72000, 45
73000, 45
74000, 45
74000, 45
74000, 45
76000, 45
78000, 45
78000, 45
80000, 45
80000, 45
80000, 45
82000, 45
83000, 45
84000, 45
84000, 45
86000, 45
86000, 45
86000, 45
86000, 45
86000, 45
87000, 45
88000, 45
91000, 45
93000, 45
95000, 45
97000, 45
98000, 45
98000, 45
98000, 45
99000, 45
99000, 45
1000, 46
2000, 46
3000, 46
3000, 46
5000, 46
6000, 46
7000, 46
9000, 46
9000, 46
11000, 46
11000, 46
12000, 46
17000, 46
18000, 46
19000, 46
20000, 46
21000, 46
22000, 46
25000, 46
25000, 46
27000, 46
30000, 46
30000, 46
30000, 46
32000, 46
33000, 46
33000, 46
33000, 46
33000, 46
35000, 46
38000, 46
40000, 46
41000, 46
41000, 46
41000, 46
41000, 46
42000, 46
42000, 46
43000, 46
44000, 46
47000, 46
47000, 46
49000, 46
49000, 46
49000, 46
50000, 46
51000, 46
52000, 46
53000, 46
57000, 46
57000, 46
58000, 46
59000, 46
60000, 46
61000, 46
62000, 46
64000, 46
64000, 46
65000, 46
66000, 46
67000, 46
70000, 46
71000, 46
73000, 46
74000, 46
75000, 46
76000, 46
76000, 46
77000, 46
77000, 46
78000, 46
79000, 46
80000, 46
81000, 46
82000, 46
84000, 46
87000, 46
88000, 46
89000, 46
89000, 46
90000, 46
90000, 46
92000, 46
93000, 46
94000, 46
94000, 46
95000, 46
95000, 46
97000, 46
98000, 46
98000, 46
98000, 46
1000, 47
1000, 47
3000, 47
4000, 47
5000, 47
5000, 47
6000, 47
7000, 47
9000, 47
10000, 47
10000, 47
11000, 47
11000, 47
13000, 47
13000, 47
14000, 47
14000, 47
15000, 47
15000, 47
15000, 47
16000, 47
19000, 47
20000, 47
21000, 47
22000, 47
22000, 47
23000, 47
26000, 47
26000, 47
27000, 47
28000, 47
28000, 47
29000, 47
29000, 47
31000, 47
34000, 47
34000, 47
35000, 47
36000, 47
38000, 47
38000, 47
39000, 47
39000, 47
41000, 47
42000, 47
42000, 47
45000, 47
46000, 47
47000, 47
47000, 47
48000, 47
49000, 47
49000, 47
50000, 47
51000, 47
51000, 47
51000, 47
51000, 47
51000, 47
51000, 47
58000, 47
58000, 47
60000, 47
60000, 47
60000, 47
61000, 47
62000, 47
62000, 47
66000, 47
68000, 47
70000, 47
71000, 47
71000, 47
72000, 47
73000, 47
73000, 47
75000, 47
77000, 47
78000, 47
79000, 47
80000, 47
80000, 47
83000, 47
84000, 47
84000, 47
85000, 47
87000, 47
88000, 47
89000, 47
91000, 47
93000, 47
93000, 47
94000, 47
96000, 47
96000, 47
97000, 47
97000, 47
98000, 47
98000, 47
98000, 47
98000, 47
99000, 47
3000, 48
4000, 48
5000, 48
6000, 48
11000, 48
11000, 48
12000, 48
14000, 48
14000, 48
16000, 48
17000, 48
21000, 48
22000, 48
23000, 48
24000, 48
25000, 48
25000, 48
27000, 48
27000, 48
28000, 48
28000, 48
30000, 48
30000, 48
31000, 48
33000, 48
37000, 48
37000, 48
37000, 48
38000, 48
38000, 48
39000, 48
40000, 48
41000, 48
42000, 48
42000, 48
42000, 48
43000, 48
44000, 48
45000, 48
46000, 48
47000, 48
47000, 48
48000, 48
48000, 48
50000, 48
50000, 48
52000, 48
52000, 48
53000, 48
53000, 48
53000, 48
55000, 48
57000, 48
57000, 48
58000, 48
58000, 48
60000, 48
61000, 48
67000, 48
67000, 48
69000, 48
72000, 48
73000, 48
74000, 48
74000, 48
75000, 48
75000, 48
76000, 48
76000, 48
77000, 48
77000, 48
78000, 48
78000, 48
79000, 48
84000, 48
85000, 48
91000, 48
91000, 48
93000, 48
94000, 48
94000, 48
95000, 48
98000, 48
99000, 48
99000, 48
99000, 48
99000, 48
1000, 49
1000, 49
2000, 49
4000, 49
4000, 49
4000, 49
5000, 49
5000, 49
7000, 49
7000, 49
7000, 49
8000, 49
8000, 49
8000, 49
9000, 49
10000, 49
11000, 49
11000, 49
12000, 49
19000, 49
20000, 49
21000, 49
21000, 49
24000, 49
24000, 49
27000, 49
27000, 49
27000, 49
28000, 49
29000, 49
30000, 49
30000, 49
31000, 49
32000, 49
33000, 49
34000, 49
34000, 49
36000, 49
38000, 49
39000, 49
41000, 49
41000, 49
43000, 49
45000, 49
46000, 49
46000, 49
47000, 49
47000, 49
53000, 49
54000, 49
54000, 49
55000, 49
55000, 49
55000, 49
56000, 49
57000, 49
57000, 49
58000, 49
59000, 49
60000, 49
60000, 49
60000, 49
61000, 49
61000, 49
63000, 49
65000, 49
65000, 49
66000, 49
68000, 49
69000, 49
72000, 49
73000, 49
74000, 49
76000, 49
77000, 49
77000, 49
77000, 49
79000, 49
81000, 49
81000, 49
82000, 49
83000, 49
84000, 49
85000, 49
87000, 49
89000, 49
89000, 49
89000, 49
90000, 49
90000, 49
90000, 49
91000, 49
92000, 49
93000, 49
94000, 49
96000, 49
97000, 49
99000, 49
99000, 49
99000, 49
task4 takes 5898344 nano-seconds
